C:/Users/daniel_chan/Desktop/STM32CubeL4/Projects/B-L475E-IOT01A/Applications/WiFi/WiFi_Client_Server/Src/main.c:78:5:main	96	static
C:/Users/daniel_chan/Desktop/STM32CubeL4/Projects/B-L475E-IOT01A/Applications/WiFi/WiFi_Client_Server/Src/main.c:271:13:SystemClock_Config	96	static
C:/Users/daniel_chan/Desktop/STM32CubeL4/Projects/B-L475E-IOT01A/Applications/WiFi/WiFi_Client_Server/Src/main.c:314:1:__io_putchar	16	static
C:/Users/daniel_chan/Desktop/STM32CubeL4/Projects/B-L475E-IOT01A/Applications/WiFi/WiFi_Client_Server/Src/main.c:349:6:HAL_GPIO_EXTI_Callback	16	static
C:/Users/daniel_chan/Desktop/STM32CubeL4/Projects/B-L475E-IOT01A/Applications/WiFi/WiFi_Client_Server/Src/main.c:365:6:SPI3_IRQHandler	8	static
