C:/Users/daniel_chan/Desktop/STM32CubeL4/Drivers/BSP/Components/lsm6dsl/lsm6dsl.c:83:6:LSM6DSL_AccInit	24	static
C:/Users/daniel_chan/Desktop/STM32CubeL4/Drivers/BSP/Components/lsm6dsl/lsm6dsl.c:134:6:LSM6DSL_AccDeInit	16	static
C:/Users/daniel_chan/Desktop/STM32CubeL4/Drivers/BSP/Components/lsm6dsl/lsm6dsl.c:155:9:LSM6DSL_AccReadID	8	static
C:/Users/daniel_chan/Desktop/STM32CubeL4/Drivers/BSP/Components/lsm6dsl/lsm6dsl.c:167:6:LSM6DSL_AccLowPower	24	static
C:/Users/daniel_chan/Desktop/STM32CubeL4/Drivers/BSP/Components/lsm6dsl/lsm6dsl.c:194:6:LSM6DSL_AccReadXYZ	40	static
C:/Users/daniel_chan/Desktop/STM32CubeL4/Drivers/BSP/Components/lsm6dsl/lsm6dsl.c:251:6:LSM6DSL_GyroInit	24	static
C:/Users/daniel_chan/Desktop/STM32CubeL4/Drivers/BSP/Components/lsm6dsl/lsm6dsl.c:279:6:LSM6DSL_GyroDeInit	16	static
C:/Users/daniel_chan/Desktop/STM32CubeL4/Drivers/BSP/Components/lsm6dsl/lsm6dsl.c:300:9:LSM6DSL_GyroReadID	8	static
C:/Users/daniel_chan/Desktop/STM32CubeL4/Drivers/BSP/Components/lsm6dsl/lsm6dsl.c:312:6:LSM6DSL_GyroLowPower	24	static
C:/Users/daniel_chan/Desktop/STM32CubeL4/Drivers/BSP/Components/lsm6dsl/lsm6dsl.c:339:6:LSM6DSL_GyroReadXYZAngRate	40	static
