C:/Users/daniel_chan/Desktop/STM32CubeL4/Drivers/BSP/B-L475E-IOT01/stm32l475e_iot01_accelero.c:49:24:BSP_ACCELERO_Init	24	static
C:/Users/daniel_chan/Desktop/STM32CubeL4/Drivers/BSP/B-L475E-IOT01/stm32l475e_iot01_accelero.c:90:6:BSP_ACCELERO_DeInit	8	static
C:/Users/daniel_chan/Desktop/STM32CubeL4/Drivers/BSP/B-L475E-IOT01/stm32l475e_iot01_accelero.c:107:6:BSP_ACCELERO_LowPower	16	static
C:/Users/daniel_chan/Desktop/STM32CubeL4/Drivers/BSP/B-L475E-IOT01/stm32l475e_iot01_accelero.c:125:6:BSP_ACCELERO_AccGetXYZ	16	static
