../Core/Src/main.c:93:5:__io_putchar	16	static
../Core/Src/main.c:99:6:HAL_ADC_ConvCpltCallback	24	static
../Core/Src/main.c:120:5:main	8	static
../Core/Src/main.c:216:6:SystemClock_Config	96	static
../Core/Src/main.c:276:6:PeriphCommonClock_Config	144	static
../Core/Src/main.c:303:13:MX_ADC1_Init	48	static
../Core/Src/main.c:370:13:MX_DFSDM1_Init	8	static
../Core/Src/main.c:408:13:MX_I2C2_Init	8	static
../Core/Src/main.c:456:13:MX_QUADSPI_Init	8	static
../Core/Src/main.c:489:13:MX_SPI3_Init	8	static
../Core/Src/main.c:529:13:MX_TIM1_Init	40	static
../Core/Src/main.c:576:13:MX_USART1_UART_Init	8	static
../Core/Src/main.c:611:13:MX_USART3_UART_Init	8	static
../Core/Src/main.c:646:13:MX_USB_OTG_FS_PCD_Init	8	static
../Core/Src/main.c:681:13:MX_GPIO_Init	48	static
../Core/Src/main.c:858:6:StartDefaultTask	16	static
../Core/Src/main.c:873:6:Error_Handler	4	static,ignoring_inline_asm
../Core/Src/main.c:900:6:StartPrintTask	24	static
