../Drivers/BSP/B-L475E-IOT01A1/b_l475e_iot01a1.c:105:9:BSP_GetVersion	4	static
../Drivers/BSP/B-L475E-IOT01A1/b_l475e_iot01a1.c:117:9:BSP_LED_Init	16	static
../Drivers/BSP/B-L475E-IOT01A1/b_l475e_iot01a1.c:132:9:BSP_LED_DeInit	40	static
../Drivers/BSP/B-L475E-IOT01A1/b_l475e_iot01a1.c:155:9:BSP_LED_On	16	static
../Drivers/BSP/B-L475E-IOT01A1/b_l475e_iot01a1.c:172:9:BSP_LED_Off	16	static
../Drivers/BSP/B-L475E-IOT01A1/b_l475e_iot01a1.c:189:9:BSP_LED_Toggle	16	static
../Drivers/BSP/B-L475E-IOT01A1/b_l475e_iot01a1.c:206:9:BSP_LED_GetState	16	static
../Drivers/BSP/B-L475E-IOT01A1/b_l475e_iot01a1.c:214:13:LED_USER_GPIO_Init	40	static
../Drivers/BSP/B-L475E-IOT01A1/b_l475e_iot01a1.c:248:9:BSP_PB_Init	24	static
../Drivers/BSP/B-L475E-IOT01A1/b_l475e_iot01a1.c:288:9:BSP_PB_DeInit	40	static
../Drivers/BSP/B-L475E-IOT01A1/b_l475e_iot01a1.c:306:9:BSP_PB_GetState	16	static
../Drivers/BSP/B-L475E-IOT01A1/b_l475e_iot01a1.c:315:6:BSP_PB_IRQHandler	16	static
../Drivers/BSP/B-L475E-IOT01A1/b_l475e_iot01a1.c:325:13:BSP_PB_Callback	16	static
../Drivers/BSP/B-L475E-IOT01A1/b_l475e_iot01a1.c:338:13:BUTTON_USER_EXTI_Callback	8	static
../Drivers/BSP/B-L475E-IOT01A1/b_l475e_iot01a1.c:347:13:BUTTON_USER_GPIO_Init	40	static
../Drivers/BSP/B-L475E-IOT01A1/b_l475e_iot01a1.c:374:9:BSP_COM_Init	24	static
../Drivers/BSP/B-L475E-IOT01A1/b_l475e_iot01a1.c:412:9:BSP_COM_DeInit	24	static
../Drivers/BSP/B-L475E-IOT01A1/b_l475e_iot01a1.c:449:26:MX_USART1_UART_Init	24	static
../Drivers/BSP/B-L475E-IOT01A1/b_l475e_iot01a1.c:553:9:BSP_COM_SelectLogPort	16	static
../Drivers/BSP/B-L475E-IOT01A1/b_l475e_iot01a1.c:599:5:__io_putchar	16	static
../Drivers/BSP/B-L475E-IOT01A1/b_l475e_iot01a1.c:612:13:USART1_MspInit	184	static
../Drivers/BSP/B-L475E-IOT01A1/b_l475e_iot01a1.c:653:13:USART1_MspDeInit	16	static
../Drivers/BSP/B-L475E-IOT01A1/b_l475e_iot01a1.c:680:13:I2Cx_MspInit	48	static
../Drivers/BSP/B-L475E-IOT01A1/b_l475e_iot01a1.c:722:13:I2Cx_MspDeInit	40	static
../Drivers/BSP/B-L475E-IOT01A1/b_l475e_iot01a1.c:741:13:I2Cx_Init	16	static
../Drivers/BSP/B-L475E-IOT01A1/b_l475e_iot01a1.c:766:13:I2Cx_DeInit	16	static
../Drivers/BSP/B-L475E-IOT01A1/b_l475e_iot01a1.c:782:26:I2Cx_ReadMultiple	48	static
../Drivers/BSP/B-L475E-IOT01A1/b_l475e_iot01a1.c:808:26:I2Cx_WriteMultiple	48	static
../Drivers/BSP/B-L475E-IOT01A1/b_l475e_iot01a1.c:831:26:I2Cx_IsDeviceReady	24	static
../Drivers/BSP/B-L475E-IOT01A1/b_l475e_iot01a1.c:842:13:I2Cx_Error	16	static
