Archive member included to satisfy reference by file (symbol)

C:/ST/STM32CubeIDE_1.16.1/STM32CubeIDE/plugins/com.st.stm32cube.ide.mcu.externaltools.gnu-tools-for-stm32.12.3.rel1.win32_1.0.200.202406191623/tools/bin/../lib/gcc/arm-none-eabi/12.3.1/../../../../arm-none-eabi/lib/thumb/v7e-m+fp/hard\libc_nano.a(libc_a-exit.o)
                              C:/ST/STM32CubeIDE_1.16.1/STM32CubeIDE/plugins/com.st.stm32cube.ide.mcu.externaltools.gnu-tools-for-stm32.12.3.rel1.win32_1.0.200.202406191623/tools/bin/../lib/gcc/arm-none-eabi/12.3.1/../../../../arm-none-eabi/lib/thumb/v7e-m+fp/hard/crt0.o (exit)
C:/ST/STM32CubeIDE_1.16.1/STM32CubeIDE/plugins/com.st.stm32cube.ide.mcu.externaltools.gnu-tools-for-stm32.12.3.rel1.win32_1.0.200.202406191623/tools/bin/../lib/gcc/arm-none-eabi/12.3.1/../../../../arm-none-eabi/lib/thumb/v7e-m+fp/hard\libc_nano.a(libc_a-rand.o)
                              ./BlueNRG_MS/App/app_bluenrg_ms.o (srand)
C:/ST/STM32CubeIDE_1.16.1/STM32CubeIDE/plugins/com.st.stm32cube.ide.mcu.externaltools.gnu-tools-for-stm32.12.3.rel1.win32_1.0.200.202406191623/tools/bin/../lib/gcc/arm-none-eabi/12.3.1/../../../../arm-none-eabi/lib/thumb/v7e-m+fp/hard\libc_nano.a(libc_a-findfp.o)
                              C:/ST/STM32CubeIDE_1.16.1/STM32CubeIDE/plugins/com.st.stm32cube.ide.mcu.externaltools.gnu-tools-for-stm32.12.3.rel1.win32_1.0.200.202406191623/tools/bin/../lib/gcc/arm-none-eabi/12.3.1/../../../../arm-none-eabi/lib/thumb/v7e-m+fp/hard\libc_nano.a(libc_a-exit.o) (__stdio_exit_handler)
C:/ST/STM32CubeIDE_1.16.1/STM32CubeIDE/plugins/com.st.stm32cube.ide.mcu.externaltools.gnu-tools-for-stm32.12.3.rel1.win32_1.0.200.202406191623/tools/bin/../lib/gcc/arm-none-eabi/12.3.1/../../../../arm-none-eabi/lib/thumb/v7e-m+fp/hard\libc_nano.a(libc_a-fwalk.o)
                              C:/ST/STM32CubeIDE_1.16.1/STM32CubeIDE/plugins/com.st.stm32cube.ide.mcu.externaltools.gnu-tools-for-stm32.12.3.rel1.win32_1.0.200.202406191623/tools/bin/../lib/gcc/arm-none-eabi/12.3.1/../../../../arm-none-eabi/lib/thumb/v7e-m+fp/hard\libc_nano.a(libc_a-findfp.o) (_fwalk_sglue)
C:/ST/STM32CubeIDE_1.16.1/STM32CubeIDE/plugins/com.st.stm32cube.ide.mcu.externaltools.gnu-tools-for-stm32.12.3.rel1.win32_1.0.200.202406191623/tools/bin/../lib/gcc/arm-none-eabi/12.3.1/../../../../arm-none-eabi/lib/thumb/v7e-m+fp/hard\libc_nano.a(libc_a-stdio.o)
                              C:/ST/STM32CubeIDE_1.16.1/STM32CubeIDE/plugins/com.st.stm32cube.ide.mcu.externaltools.gnu-tools-for-stm32.12.3.rel1.win32_1.0.200.202406191623/tools/bin/../lib/gcc/arm-none-eabi/12.3.1/../../../../arm-none-eabi/lib/thumb/v7e-m+fp/hard\libc_nano.a(libc_a-findfp.o) (__sread)
C:/ST/STM32CubeIDE_1.16.1/STM32CubeIDE/plugins/com.st.stm32cube.ide.mcu.externaltools.gnu-tools-for-stm32.12.3.rel1.win32_1.0.200.202406191623/tools/bin/../lib/gcc/arm-none-eabi/12.3.1/../../../../arm-none-eabi/lib/thumb/v7e-m+fp/hard\libc_nano.a(libc_a-memset.o)
                              C:/ST/STM32CubeIDE_1.16.1/STM32CubeIDE/plugins/com.st.stm32cube.ide.mcu.externaltools.gnu-tools-for-stm32.12.3.rel1.win32_1.0.200.202406191623/tools/bin/../lib/gcc/arm-none-eabi/12.3.1/../../../../arm-none-eabi/lib/thumb/v7e-m+fp/hard/crt0.o (memset)
C:/ST/STM32CubeIDE_1.16.1/STM32CubeIDE/plugins/com.st.stm32cube.ide.mcu.externaltools.gnu-tools-for-stm32.12.3.rel1.win32_1.0.200.202406191623/tools/bin/../lib/gcc/arm-none-eabi/12.3.1/../../../../arm-none-eabi/lib/thumb/v7e-m+fp/hard\libc_nano.a(libc_a-closer.o)
                              C:/ST/STM32CubeIDE_1.16.1/STM32CubeIDE/plugins/com.st.stm32cube.ide.mcu.externaltools.gnu-tools-for-stm32.12.3.rel1.win32_1.0.200.202406191623/tools/bin/../lib/gcc/arm-none-eabi/12.3.1/../../../../arm-none-eabi/lib/thumb/v7e-m+fp/hard\libc_nano.a(libc_a-stdio.o) (_close_r)
C:/ST/STM32CubeIDE_1.16.1/STM32CubeIDE/plugins/com.st.stm32cube.ide.mcu.externaltools.gnu-tools-for-stm32.12.3.rel1.win32_1.0.200.202406191623/tools/bin/../lib/gcc/arm-none-eabi/12.3.1/../../../../arm-none-eabi/lib/thumb/v7e-m+fp/hard\libc_nano.a(libc_a-reent.o)
                              C:/ST/STM32CubeIDE_1.16.1/STM32CubeIDE/plugins/com.st.stm32cube.ide.mcu.externaltools.gnu-tools-for-stm32.12.3.rel1.win32_1.0.200.202406191623/tools/bin/../lib/gcc/arm-none-eabi/12.3.1/../../../../arm-none-eabi/lib/thumb/v7e-m+fp/hard\libc_nano.a(libc_a-closer.o) (errno)
C:/ST/STM32CubeIDE_1.16.1/STM32CubeIDE/plugins/com.st.stm32cube.ide.mcu.externaltools.gnu-tools-for-stm32.12.3.rel1.win32_1.0.200.202406191623/tools/bin/../lib/gcc/arm-none-eabi/12.3.1/../../../../arm-none-eabi/lib/thumb/v7e-m+fp/hard\libc_nano.a(libc_a-impure.o)
                              C:/ST/STM32CubeIDE_1.16.1/STM32CubeIDE/plugins/com.st.stm32cube.ide.mcu.externaltools.gnu-tools-for-stm32.12.3.rel1.win32_1.0.200.202406191623/tools/bin/../lib/gcc/arm-none-eabi/12.3.1/../../../../arm-none-eabi/lib/thumb/v7e-m+fp/hard\libc_nano.a(libc_a-rand.o) (_impure_ptr)
[...]
Memory Configuration

Name             Origin             Length             Attributes
RAM              0x20000000         0x00018000         xrw
RAM2             0x10000000         0x00008000         xrw
FLASH            0x08000000         0x00100000         xr
*default*        0x00000000         0xffffffff

Linker script and memory map

LOAD C:/ST/STM32CubeIDE_1.16.1/STM32CubeIDE/plugins/com.st.stm32cube.ide.mcu.externaltools.gnu-tools-for-stm32.12.3.rel1.win32_1.0.200.202406191623/tools/bin/../lib/gcc/arm-none-eabi/12.3.1/thumb/v7e-m+fp/hard/crti.o
LOAD C:/ST/STM32CubeIDE_1.16.1/STM32CubeIDE/plugins/com.st.stm32cube.ide.mcu.externaltools.gnu-tools-for-stm32.12.3.rel1.win32_1.0.200.202406191623/tools/bin/../lib/gcc/arm-none-eabi/12.3.1/thumb/v7e-m+fp/hard/crtbegin.o
LOAD C:/ST/STM32CubeIDE_1.16.1/STM32CubeIDE/plugins/com.st.stm32cube.ide.mcu.externaltools.gnu-tools-for-stm32.12.3.rel1.win32_1.0.200.202406191623/tools/bin/../lib/gcc/arm-none-eabi/12.3.1/../../../../arm-none-eabi/lib/thumb/v7e-m+fp/hard/crt0.o
LOAD ./BlueNRG_MS/App/app_bluenrg_ms.o
LOAD ./BlueNRG_MS/App/gatt_db.o
LOAD ./BlueNRG_MS/App/sensor.o
LOAD ./BlueNRG_MS/Target/hci_tl_interface.o
LOAD ./Core/Src/freertos.o
LOAD ./Core/Src/main.o
LOAD ./Core/Src/stm32l4xx_hal_msp.o
LOAD ./Core/Src/stm32l4xx_it.o
LOAD ./Core/Src/syscalls.o
LOAD ./Core/Src/sysmem.o
LOAD ./Core/Src/system_stm32l4xx.o
LOAD ./Core/Startup/startup_stm32l475vgtx.o
LOAD ./Drivers/BSP/B-L475E-IOT01A1/b_l475e_iot01a1.o
LOAD ./Drivers/BSP/B-L475E-IOT01A1/b_l475e_iot01a1_bus.o
LOAD ./Drivers/BSP/B-L475E-IOT01A1/stm32l475e_iot01_accelero.o
LOAD ./Drivers/BSP/Components/lsm6dsl/lsm6dsl.o
LOAD ./Drivers/STM32L4xx_HAL_Driver/Src/stm32l4xx_hal.o
LOAD ./Drivers/STM32L4xx_HAL_Driver/Src/stm32l4xx_hal_cortex.o
LOAD ./Drivers/STM32L4xx_HAL_Driver/Src/stm32l4xx_hal_dfsdm.o
LOAD ./Drivers/STM32L4xx_HAL_Driver/Src/stm32l4xx_hal_dma.o
LOAD ./Drivers/STM32L4xx_HAL_Driver/Src/stm32l4xx_hal_dma_ex.o
LOAD ./Drivers/STM32L4xx_HAL_Driver/Src/stm32l4xx_hal_exti.o
LOAD ./Drivers/STM32L4xx_HAL_Driver/Src/stm32l4xx_hal_flash.o
LOAD ./Drivers/STM32L4xx_HAL_Driver/Src/stm32l4xx_hal_flash_ex.o
LOAD ./Drivers/STM32L4xx_HAL_Driver/Src/stm32l4xx_hal_flash_ramfunc.o
LOAD ./Drivers/STM32L4xx_HAL_Driver/Src/stm32l4xx_hal_gpio.o
LOAD ./Drivers/STM32L4xx_HAL_Driver/Src/stm32l4xx_hal_i2c.o
LOAD ./Drivers/STM32L4xx_HAL_Driver/Src/stm32l4xx_hal_i2c_ex.o
LOAD ./Drivers/STM32L4xx_HAL_Driver/Src/stm32l4xx_hal_pcd.o
LOAD ./Drivers/STM32L4xx_HAL_Driver/Src/stm32l4xx_hal_pcd_ex.o
LOAD ./Drivers/STM32L4xx_HAL_Driver/Src/stm32l4xx_hal_pwr.o
LOAD ./Drivers/STM32L4xx_HAL_Driver/Src/stm32l4xx_hal_pwr_ex.o
LOAD ./Drivers/STM32L4xx_HAL_Driver/Src/stm32l4xx_hal_qspi.o
LOAD ./Drivers/STM32L4xx_HAL_Driver/Src/stm32l4xx_hal_rcc.o
LOAD ./Drivers/STM32L4xx_HAL_Driver/Src/stm32l4xx_hal_rcc_ex.o
LOAD ./Drivers/STM32L4xx_HAL_Driver/Src/stm32l4xx_hal_spi.o
LOAD ./Drivers/STM32L4xx_HAL_Driver/Src/stm32l4xx_hal_spi_ex.o
LOAD ./Drivers/STM32L4xx_HAL_Driver/Src/stm32l4xx_hal_tim.o
LOAD ./Drivers/STM32L4xx_HAL_Driver/Src/stm32l4xx_hal_tim_ex.o
LOAD ./Drivers/STM32L4xx_HAL_Driver/Src/stm32l4xx_hal_uart.o
LOAD ./Drivers/STM32L4xx_HAL_Driver/Src/stm32l4xx_hal_uart_ex.o
LOAD ./Drivers/STM32L4xx_HAL_Driver/Src/stm32l4xx_ll_usb.o
LOAD ./Middlewares/ST/BlueNRG-MS/hci/controller/bluenrg_gap_aci.o
LOAD ./Middlewares/ST/BlueNRG-MS/hci/controller/bluenrg_gatt_aci.o
LOAD ./Middlewares/ST/BlueNRG-MS/hci/controller/bluenrg_hal_aci.o
LOAD ./Middlewares/ST/BlueNRG-MS/hci/controller/bluenrg_l2cap_aci.o
LOAD ./Middlewares/ST/BlueNRG-MS/hci/controller/bluenrg_updater_aci.o
LOAD ./Middlewares/ST/BlueNRG-MS/hci/controller/bluenrg_utils_small.o
LOAD ./Middlewares/ST/BlueNRG-MS/hci/hci_le.o
LOAD ./Middlewares/ST/BlueNRG-MS/hci/hci_tl_patterns/Basic/hci_tl.o
LOAD ./Middlewares/ST/BlueNRG-MS/utils/ble_list.o
LOAD ./Middlewares/Third_Party/FreeRTOS/Source/CMSIS_RTOS_V2/cmsis_os2.o
LOAD ./Middlewares/Third_Party/FreeRTOS/Source/croutine.o
LOAD ./Middlewares/Third_Party/FreeRTOS/Source/event_groups.o
LOAD ./Middlewares/Third_Party/FreeRTOS/Source/list.o
LOAD ./Middlewares/Third_Party/FreeRTOS/Source/queue.o
LOAD ./Middlewares/Third_Party/FreeRTOS/Source/stream_buffer.o
LOAD ./Middlewares/Third_Party/FreeRTOS/Source/tasks.o
LOAD ./Middlewares/Third_Party/FreeRTOS/Source/timers.o
LOAD ./Middlewares/Third_Party/FreeRTOS/Source/portable/GCC/ARM_CM4F/port.o
LOAD ./Middlewares/Third_Party/FreeRTOS/Source/portable/MemMang/heap_4.o
START GROUP
LOAD C:/ST/STM32CubeIDE_1.16.1/STM32CubeIDE/plugins/com.st.stm32cube.ide.mcu.externaltools.gnu-tools-for-stm32.12.3.rel1.win32_1.0.200.202406191623/tools/bin/../lib/gcc/arm-none-eabi/12.3.1/../../../../arm-none-eabi/lib/thumb/v7e-m+fp/hard\libc_nano.a
LOAD C:/ST/STM32CubeIDE_1.16.1/STM32CubeIDE/plugins/com.st.stm32cube.ide.mcu.externaltools.gnu-tools-for-stm32.12.3.rel1.win32_1.0.200.202406191623/tools/bin/../lib/gcc/arm-none-eabi/12.3.1/../../../../arm-none-eabi/lib/thumb/v7e-m+fp/hard\libm.a
END GROUP
START GROUP
LOAD C:/ST/STM32CubeIDE_1.16.1/STM32CubeIDE/plugins/com.st.stm32cube.ide.mcu.externaltools.gnu-tools-for-stm32.12.3.rel1.win32_1.0.200.202406191623/tools/bin/../lib/gcc/arm-none-eabi/12.3.1/thumb/v7e-m+fp/hard\libgcc.a
LOAD C:/ST/STM32CubeIDE_1.16.1/STM32CubeIDE/plugins/com.st.stm32cube.ide.mcu.externaltools.gnu-tools-for-stm32.12.3.rel1.win32_1.0.200.202406191623/tools/bin/../lib/gcc/arm-none-eabi/12.3.1/../../../../arm-none-eabi/lib/thumb/v7e-m+fp/hard\libc_nano.a
END GROUP
START GROUP
LOAD C:/ST/STM32CubeIDE_1.16.1/STM32CubeIDE/plugins/com.st.stm32cube.ide.mcu.externaltools.gnu-tools-for-stm32.12.3.rel1.win32_1.0.200.202406191623/tools/bin/../lib/gcc/arm-none-eabi/12.3.1/thumb/v7e-m+fp/hard\libgcc.a
LOAD C:/ST/STM32CubeIDE_1.16.1/STM32CubeIDE/plugins/com.st.stm32cube.ide.mcu.externaltools.gnu-tools-for-stm32.12.3.rel1.win32_1.0.200.202406191623/tools/bin/../lib/gcc/arm-none-eabi/12.3.1/../../../../arm-none-eabi/lib/thumb/v7e-m+fp/hard\libc_nano.a
LOAD C:/ST/STM32CubeIDE_1.16.1/STM32CubeIDE/plugins/com.st.stm32cube.ide.mcu.externaltools.gnu-tools-for-stm32.12.3.rel1.win32_1.0.200.202406191623/tools/bin/../lib/gcc/arm-none-eabi/12.3.1/../../../../arm-none-eabi/lib/thumb/v7e-m+fp/hard\libnosys.a
END GROUP
START GROUP
LOAD C:/ST/STM32CubeIDE_1.16.1/STM32CubeIDE/plugins/com.st.stm32cube.ide.mcu.externaltools.gnu-tools-for-stm32.12.3.rel1.win32_1.0.200.202406191623/tools/bin/../lib/gcc/arm-none-eabi/12.3.1/thumb/v7e-m+fp/hard\libgcc.a
LOAD C:/ST/STM32CubeIDE_1.16.1/STM32CubeIDE/plugins/com.st.stm32cube.ide.mcu.externaltools.gnu-tools-for-stm32.12.3.rel1.win32_1.0.200.202406191623/tools/bin/../lib/gcc/arm-none-eabi/12.3.1/../../../../arm-none-eabi/lib/thumb/v7e-m+fp/hard\libc_nano.a
LOAD C:/ST/STM32CubeIDE_1.16.1/STM32CubeIDE/plugins/com.st.stm32cube.ide.mcu.externaltools.gnu-tools-for-stm32.12.3.rel1.win32_1.0.200.202406191623/tools/bin/../lib/gcc/arm-none-eabi/12.3.1/../../../../arm-none-eabi/lib/thumb/v7e-m+fp/hard\libnosys.a
END GROUP
LOAD C:/ST/STM32CubeIDE_1.16.1/STM32CubeIDE/plugins/com.st.stm32cube.ide.mcu.externaltools.gnu-tools-for-stm32.12.3.rel1.win32_1.0.200.202406191623/tools/bin/../lib/gcc/arm-none-eabi/12.3.1/thumb/v7e-m+fp/hard/crtend.o
LOAD C:/ST/STM32CubeIDE_1.16.1/STM32CubeIDE/plugins/com.st.stm32cube.ide.mcu.externaltools.gnu-tools-for-stm32.12.3.rel1.win32_1.0.200.202406191623/tools/bin/../lib/gcc/arm-none-eabi/12.3.1/thumb/v7e-m+fp/hard/crtn.o
                0x20018000                        _estack = (ORIGIN (RAM) + LENGTH (RAM))
                0x00000200                        _Min_Heap_Size = 0x200
                0x00000400                        _Min_Stack_Size = 0x400

.isr_vector     0x08000000      0x188
                0x08000000                        . = ALIGN (0x4)
 *(.isr_vector)
 .isr_vector    0x08000000      0x188 ./Core/Startup/startup_stm32l475vgtx.o
                0x08000000                g_pfnVectors
                0x08000188                        . = ALIGN (0x4)

.text           0x08000190     0xb828
                0x08000190                        . = ALIGN (0x4)
 *(.text)
 .text          0x08000190       0x40 C:/ST/STM32CubeIDE_1.16.1/STM32CubeIDE/plugins/com.st.stm32cube.ide.mcu.externaltools.gnu-tools-for-stm32.12.3.rel1.win32_1.0.200.202406191623/tools/bin/../lib/gcc/arm-none-eabi/12.3.1/thumb/v7e-m+fp/hard/crtbegin.o
 .text          0x080001d0       0x10 C:/ST/STM32CubeIDE_1.16.1/STM32CubeIDE/plugins/com.st.stm32cube.ide.mcu.externaltools.gnu-tools-for-stm32.12.3.rel1.win32_1.0.200.202406191623/tools/bin/../lib/gcc/arm-none-eabi/12.3.1/../../../../arm-none-eabi/lib/thumb/v7e-m+fp/hard\libc_nano.a(libc_a-strlen.o)
                0x080001d0                strlen
 .text          0x080001e0       0xa0 C:/ST/STM32CubeIDE_1.16.1/STM32CubeIDE/plugins/com.st.stm32cube.ide.mcu.externaltools.gnu-tools-for-stm32.12.3.rel1.win32_1.0.200.202406191623/tools/bin/../lib/gcc/arm-none-eabi/12.3.1/../../../../arm-none-eabi/lib/thumb/v7e-m+fp/hard\libc_nano.a(libc_a-memchr.o)
                0x080001e0                memchr
 .text          0x08000280      0x378 C:/ST/STM32CubeIDE_1.16.1/STM32CubeIDE/plugins/com.st.stm32cube.ide.mcu.externaltools.gnu-tools-for-stm32.12.3.rel1.win32_1.0.200.202406191623/tools/bin/../lib/gcc/arm-none-eabi/12.3.1/thumb/v7e-m+fp/hard\libgcc.a(_arm_addsubdf3.o)
                0x08000280                __aeabi_drsub
                0x08000288                __aeabi_dsub
                0x08000288                __subdf3
                0x0800028c                __aeabi_dadd
                0x0800028c                __adddf3
                0x08000504                __floatunsidf
                0x08000504                __aeabi_ui2d
                0x08000524                __floatsidf
                0x08000524                __aeabi_i2d
                0x08000548                __aeabi_f2d
                0x08000548                __extendsfdf2
                0x0800058c                __floatundidf
                0x0800058c                __aeabi_ul2d
                0x0800059c                __floatdidf
                0x0800059c                __aeabi_l2d
 .text          0x080005f8       0xa0 C:/ST/STM32CubeIDE_1.16.1/STM32CubeIDE/plugins/com.st.stm32cube.ide.mcu.externaltools.gnu-tools-for-stm32.12.3.rel1.win32_1.0.200.202406191623/tools/bin/../lib/gcc/arm-none-eabi/12.3.1/thumb/v7e-m+fp/hard\libgcc.a(_arm_truncdfsf2.o)
                0x080005f8                __truncdfsf2
                0x080005f8                __aeabi_d2f
 .text          0x08000698       0x30 C:/ST/STM32CubeIDE_1.16.1/STM32CubeIDE/plugins/com.st.stm32cube.ide.mcu.externaltools.gnu-tools-for-stm32.12.3.rel1.win32_1.0.200.202406191623/tools/bin/../lib/gcc/arm-none-eabi/12.3.1/thumb/v7e-m+fp/hard\libgcc.a(_aeabi_uldivmod.o)
                0x08000698                __aeabi_uldivmod
 .text          0x080006c8      0x2bc C:/ST/STM32CubeIDE_1.16.1/STM32CubeIDE/plugins/com.st.stm32cube.ide.mcu.externaltools.gnu-tools-for-stm32.12.3.rel1.win32_1.0.200.202406191623/tools/bin/../lib/gcc/arm-none-eabi/12.3.1/thumb/v7e-m+fp/hard\libgcc.a(_udivmoddi4.o)
                0x080006c8                __udivmoddi4
 .text          0x08000984        0x4 C:/ST/STM32CubeIDE_1.16.1/STM32CubeIDE/plugins/com.st.stm32cube.ide.mcu.externaltools.gnu-tools-for-stm32.12.3.rel1.win32_1.0.200.202406191623/tools/bin/../lib/gcc/arm-none-eabi/12.3.1/thumb/v7e-m+fp/hard\libgcc.a(_dvmd_tls.o)
                0x08000984                __aeabi_idiv0
                0x08000984                __aeabi_ldiv0
 *(.text*)
 .text.MX_BlueNRG_MS_Init
                0x08000988      0x158 ./BlueNRG_MS/App/app_bluenrg_ms.o
                0x08000988                MX_BlueNRG_MS_Init
 .text.User_Init
                0x08000ae0       0x1c ./BlueNRG_MS/App/app_bluenrg_ms.o
 .text.BSP_PB_Callback
                0x08000afc       0x20 ./BlueNRG_MS/App/app_bluenrg_ms.o
                0x08000afc                BSP_PB_Callback
 .text.Add_HWServW2ST_Service
                0x08000b1c      0x228 ./BlueNRG_MS/App/gatt_db.o
                0x08000b1c                Add_HWServW2ST_Service
 .text.Add_SWServW2ST_Service
                0x08000d44      0x120 ./BlueNRG_MS/App/gatt_db.o
                0x08000d44                Add_SWServW2ST_Service
 .text.Acc_Update
                0x08000e64      0x114 ./BlueNRG_MS/App/gatt_db.o
                0x08000e64                Acc_Update
 .text.Read_Request_CB
                0x08000f78      0x190 ./BlueNRG_MS/App/gatt_db.o
                0x08000f78                Read_Request_CB
 .text.BlueMS_Environmental_Update
                0x08001108       0x8c ./BlueNRG_MS/App/gatt_db.o
                0x08001108                BlueMS_Environmental_Update
 .text.user_notify
                0x08001194       0x9e ./BlueNRG_MS/App/sensor.o
                0x08001194                user_notify
 *fill*         0x08001232        0x2 
 .text.GAP_DisconnectionComplete_CB
                0x08001234       0x2c ./BlueNRG_MS/App/sensor.o
                0x08001234                GAP_DisconnectionComplete_CB
 .text.GAP_ConnectionComplete_CB
                0x08001260       0x40 ./BlueNRG_MS/App/sensor.o
                0x08001260                GAP_ConnectionComplete_CB
 .text.HCI_TL_SPI_Init
                0x080012a0       0x94 ./BlueNRG_MS/Target/hci_tl_interface.o
                0x080012a0                HCI_TL_SPI_Init
 .text.HCI_TL_SPI_DeInit
                0x08001334       0x30 ./BlueNRG_MS/Target/hci_tl_interface.o
                0x08001334                HCI_TL_SPI_DeInit
 .text.HCI_TL_SPI_Reset
                0x08001364       0x44 ./BlueNRG_MS/Target/hci_tl_interface.o
                0x08001364                HCI_TL_SPI_Reset
 .text.HCI_TL_SPI_Receive
                0x080013a8       0xb8 ./BlueNRG_MS/Target/hci_tl_interface.o
                0x080013a8                HCI_TL_SPI_Receive
 .text.HCI_TL_SPI_Send
                0x08001460       0xac ./BlueNRG_MS/Target/hci_tl_interface.o
                0x08001460                HCI_TL_SPI_Send
 .text.IsDataAvailable
                0x0800150c       0x20 ./BlueNRG_MS/Target/hci_tl_interface.o
 .text.hci_tl_lowlevel_init
                0x0800152c       0x74 ./BlueNRG_MS/Target/hci_tl_interface.o
                0x0800152c                hci_tl_lowlevel_init
 .text.hci_tl_lowlevel_isr
                0x080015a0       0x22 ./BlueNRG_MS/Target/hci_tl_interface.o
                0x080015a0                hci_tl_lowlevel_isr
 *fill*         0x080015c2        0x2 
 .text.main     0x080015c4       0x88 ./Core/Src/main.o
                0x080015c4                main
 .text.SystemClock_Config
                0x0800164c       0xc4 ./Core/Src/main.o
                0x0800164c                SystemClock_Config
 .text.MX_DFSDM1_Init
                0x08001710       0x70 ./Core/Src/main.o
 .text.MX_I2C2_Init
                0x08001780       0x7c ./Core/Src/main.o
 .text.MX_QUADSPI_Init
                0x080017fc       0x4c ./Core/Src/main.o
 .text.MX_USART3_UART_Init
                0x08001848       0x60 ./Core/Src/main.o
 .text.MX_USB_OTG_FS_PCD_Init
                0x080018a8       0x5c ./Core/Src/main.o
 .text.MX_GPIO_Init
                0x08001904      0x344 ./Core/Src/main.o
 .text.StartDefaultTask
                0x08001c48       0x14 ./Core/Src/main.o
                0x08001c48                StartDefaultTask
 .text.StartTask02
                0x08001c5c       0x14 ./Core/Src/main.o
                0x08001c5c                StartTask02
 .text.Error_Handler
                0x08001c70        0xc ./Core/Src/main.o
                0x08001c70                Error_Handler
 .text.HAL_MspInit
                0x08001c7c       0x50 ./Core/Src/stm32l4xx_hal_msp.o
                0x08001c7c                HAL_MspInit
 .text.HAL_DFSDM_ChannelMspInit
                0x08001ccc       0xc8 ./Core/Src/stm32l4xx_hal_msp.o
                0x08001ccc                HAL_DFSDM_ChannelMspInit
 .text.HAL_I2C_MspInit
                0x08001d94       0xbc ./Core/Src/stm32l4xx_hal_msp.o
                0x08001d94                HAL_I2C_MspInit
 .text.HAL_QSPI_MspInit
                0x08001e50       0x88 ./Core/Src/stm32l4xx_hal_msp.o
                0x08001e50                HAL_QSPI_MspInit
 .text.HAL_UART_MspInit
                0x08001ed8       0xbc ./Core/Src/stm32l4xx_hal_msp.o
                0x08001ed8                HAL_UART_MspInit
 .text.HAL_PCD_MspInit
                0x08001f94      0x138 ./Core/Src/stm32l4xx_hal_msp.o
                0x08001f94                HAL_PCD_MspInit
 .text.NMI_Handler
                0x080020cc        0x8 ./Core/Src/stm32l4xx_it.o
                0x080020cc                NMI_Handler
 .text.HardFault_Handler
                0x080020d4        0x8 ./Core/Src/stm32l4xx_it.o
                0x080020d4                HardFault_Handler
 .text.MemManage_Handler
                0x080020dc        0x8 ./Core/Src/stm32l4xx_it.o
                0x080020dc                MemManage_Handler
 .text.BusFault_Handler
                0x080020e4        0x8 ./Core/Src/stm32l4xx_it.o
                0x080020e4                BusFault_Handler
 .text.UsageFault_Handler
                0x080020ec        0x8 ./Core/Src/stm32l4xx_it.o
                0x080020ec                UsageFault_Handler
 .text.DebugMon_Handler
                0x080020f4        0xe ./Core/Src/stm32l4xx_it.o
                0x080020f4                DebugMon_Handler
 .text.SysTick_Handler
                0x08002102       0x1a ./Core/Src/stm32l4xx_it.o
                0x08002102                SysTick_Handler
 .text.EXTI9_5_IRQHandler
                0x0800211c       0x28 ./Core/Src/stm32l4xx_it.o
                0x0800211c                EXTI9_5_IRQHandler
 .text.EXTI15_10_IRQHandler
                0x08002144       0x34 ./Core/Src/stm32l4xx_it.o
                0x08002144                EXTI15_10_IRQHandler
 .text._getpid  0x08002178       0x10 ./Core/Src/syscalls.o
                0x08002178                _getpid
 .text._kill    0x08002188       0x20 ./Core/Src/syscalls.o
                0x08002188                _kill
 .text._exit    0x080021a8       0x16 ./Core/Src/syscalls.o
                0x080021a8                _exit
 .text._read    0x080021be       0x3a ./Core/Src/syscalls.o
                0x080021be                _read
 .text._write   0x080021f8       0x38 ./Core/Src/syscalls.o
                0x080021f8                _write
 .text._close   0x08002230       0x18 ./Core/Src/syscalls.o
                0x08002230                _close
 .text._fstat   0x08002248       0x20 ./Core/Src/syscalls.o
                0x08002248                _fstat
 .text._isatty  0x08002268       0x16 ./Core/Src/syscalls.o
                0x08002268                _isatty
 .text._lseek   0x0800227e       0x1a ./Core/Src/syscalls.o
                0x0800227e                _lseek
 .text._sbrk    0x08002298       0x6c ./Core/Src/sysmem.o
                0x08002298                _sbrk
 .text.SystemInit
                0x08002304       0x24 ./Core/Src/system_stm32l4xx.o
                0x08002304                SystemInit
 .text.Reset_Handler
                0x08002328       0x50 ./Core/Startup/startup_stm32l475vgtx.o
                0x08002328                Reset_Handler
 .text.Default_Handler
                0x08002378        0x2 ./Core/Startup/startup_stm32l475vgtx.o
                0x08002378                RTC_Alarm_IRQHandler
                0x08002378                EXTI2_IRQHandler
                0x08002378                TIM8_TRG_COM_IRQHandler
                0x08002378                TIM8_CC_IRQHandler
                0x08002378                TIM1_CC_IRQHandler
                0x08002378                TSC_IRQHandler
                0x08002378                TAMP_STAMP_IRQHandler
                0x08002378                EXTI3_IRQHandler
                0x08002378                LPTIM2_IRQHandler
                0x08002378                DFSDM1_FLT1_IRQHandler
                0x08002378                I2C3_ER_IRQHandler
                0x08002378                DFSDM1_FLT2_IRQHandler
                0x08002378                EXTI0_IRQHandler
                0x08002378                I2C2_EV_IRQHandler
                0x08002378                CAN1_RX0_IRQHandler
                0x08002378                FPU_IRQHandler
                0x08002378                TIM1_UP_TIM16_IRQHandler
                0x08002378                ADC1_2_IRQHandler
                0x08002378                SPI1_IRQHandler
                0x08002378                TIM6_DAC_IRQHandler
                0x08002378                TIM8_UP_IRQHandler
                0x08002378                DMA2_Channel2_IRQHandler
                0x08002378                DMA1_Channel4_IRQHandler
                0x08002378                SAI2_IRQHandler
                0x08002378                DFSDM1_FLT3_IRQHandler
                0x08002378                USART3_IRQHandler
                0x08002378                DMA1_Channel7_IRQHandler
                0x08002378                CAN1_RX1_IRQHandler
                0x08002378                UART5_IRQHandler
                0x08002378                ADC3_IRQHandler
                0x08002378                TIM4_IRQHandler
                0x08002378                DMA2_Channel1_IRQHandler
                0x08002378                QUADSPI_IRQHandler
                0x08002378                I2C1_EV_IRQHandler
                0x08002378                DMA1_Channel6_IRQHandler
                0x08002378                UART4_IRQHandler
                0x08002378                DMA2_Channel4_IRQHandler
                0x08002378                TIM3_IRQHandler
                0x08002378                RCC_IRQHandler
                0x08002378                DMA1_Channel1_IRQHandler
                0x08002378                Default_Handler
                0x08002378                DMA2_Channel7_IRQHandler
                0x08002378                TIM7_IRQHandler
                0x08002378                SDMMC1_IRQHandler
                0x08002378                TIM5_IRQHandler
                0x08002378                I2C3_EV_IRQHandler
                0x08002378                RTC_WKUP_IRQHandler
                0x08002378                PVD_PVM_IRQHandler
                0x08002378                SPI2_IRQHandler
                0x08002378                CAN1_TX_IRQHandler
                0x08002378                DMA2_Channel5_IRQHandler
                0x08002378                DMA1_Channel5_IRQHandler
                0x08002378                EXTI4_IRQHandler
                0x08002378                RNG_IRQHandler
                0x08002378                TIM1_TRG_COM_TIM17_IRQHandler
                0x08002378                DMA1_Channel3_IRQHandler
                0x08002378                COMP_IRQHandler
                0x08002378                WWDG_IRQHandler
                0x08002378                LPUART1_IRQHandler
                0x08002378                DMA2_Channel6_IRQHandler
                0x08002378                TIM2_IRQHandler
                0x08002378                EXTI1_IRQHandler
                0x08002378                USART2_IRQHandler
                0x08002378                DFSDM1_FLT0_IRQHandler
                0x08002378                I2C2_ER_IRQHandler
                0x08002378                DMA1_Channel2_IRQHandler
                0x08002378                TIM8_BRK_IRQHandler
                0x08002378                CAN1_SCE_IRQHandler
                0x08002378                FLASH_IRQHandler
                0x08002378                USART1_IRQHandler
                0x08002378                OTG_FS_IRQHandler
                0x08002378                SPI3_IRQHandler
                0x08002378                I2C1_ER_IRQHandler
                0x08002378                FMC_IRQHandler
                0x08002378                SWPMI1_IRQHandler
                0x08002378                LPTIM1_IRQHandler
                0x08002378                SAI1_IRQHandler
                0x08002378                DMA2_Channel3_IRQHandler
                0x08002378                TIM1_BRK_TIM15_IRQHandler
 *fill*         0x0800237a        0x2 
 .text.BSP_LED_Init
                0x0800237c       0x24 ./Drivers/BSP/B-L475E-IOT01A1/b_l475e_iot01a1.o
                0x0800237c                BSP_LED_Init
 .text.LED_USER_GPIO_Init
                0x080023a0       0x80 ./Drivers/BSP/B-L475E-IOT01A1/b_l475e_iot01a1.o
 .text.BSP_PB_Init
                0x08002420       0xa8 ./Drivers/BSP/B-L475E-IOT01A1/b_l475e_iot01a1.o
                0x08002420                BSP_PB_Init
 .text.BSP_PB_GetState
                0x080024c8       0x38 ./Drivers/BSP/B-L475E-IOT01A1/b_l475e_iot01a1.o
                0x080024c8                BSP_PB_GetState
 .text.BUTTON_USER_EXTI_Callback
                0x08002500        0xe ./Drivers/BSP/B-L475E-IOT01A1/b_l475e_iot01a1.o
 *fill*         0x0800250e        0x2 
 .text.BUTTON_USER_GPIO_Init
                0x08002510       0x74 ./Drivers/BSP/B-L475E-IOT01A1/b_l475e_iot01a1.o
 .text.BSP_COM_Init
                0x08002584       0x7c ./Drivers/BSP/B-L475E-IOT01A1/b_l475e_iot01a1.o
                0x08002584                BSP_COM_Init
 .text.MX_USART1_UART_Init
                0x08002600       0x68 ./Drivers/BSP/B-L475E-IOT01A1/b_l475e_iot01a1.o
                0x08002600                MX_USART1_UART_Init
 .text.__io_putchar
                0x08002668       0x38 ./Drivers/BSP/B-L475E-IOT01A1/b_l475e_iot01a1.o
                0x08002668                __io_putchar
 .text.USART1_MspInit
                0x080026a0       0xbc ./Drivers/BSP/B-L475E-IOT01A1/b_l475e_iot01a1.o
 .text.BSP_SPI3_Init
                0x0800275c       0x60 ./Drivers/BSP/B-L475E-IOT01A1/b_l475e_iot01a1_bus.o
                0x0800275c                BSP_SPI3_Init
 .text.BSP_SPI3_SendRecv
                0x080027bc       0x40 ./Drivers/BSP/B-L475E-IOT01A1/b_l475e_iot01a1_bus.o
                0x080027bc                BSP_SPI3_SendRecv
 .text.BSP_GetTick
                0x080027fc        0xe ./Drivers/BSP/B-L475E-IOT01A1/b_l475e_iot01a1_bus.o
                0x080027fc                BSP_GetTick
 *fill*         0x0800280a        0x2 
 .text.MX_SPI3_Init
                0x0800280c       0x84 ./Drivers/BSP/B-L475E-IOT01A1/b_l475e_iot01a1_bus.o
                0x0800280c                MX_SPI3_Init
 .text.SPI3_MspInit
                0x08002890       0xb0 ./Drivers/BSP/B-L475E-IOT01A1/b_l475e_iot01a1_bus.o
 .text.BSP_ACCELERO_Init
                0x08002940       0x7c ./Drivers/BSP/B-L475E-IOT01A1/stm32l475e_iot01_accelero.o
                0x08002940                BSP_ACCELERO_Init
 .text.LSM6DSL_AccInit
                0x080029bc       0x72 ./Drivers/BSP/Components/lsm6dsl/lsm6dsl.o
                0x080029bc                LSM6DSL_AccInit
 .text.LSM6DSL_AccDeInit
                0x08002a2e       0x32 ./Drivers/BSP/Components/lsm6dsl/lsm6dsl.o
                0x08002a2e                LSM6DSL_AccDeInit
 .text.LSM6DSL_AccReadID
                0x08002a60       0x16 ./Drivers/BSP/Components/lsm6dsl/lsm6dsl.o
                0x08002a60                LSM6DSL_AccReadID
 .text.LSM6DSL_AccLowPower
                0x08002a76       0x44 ./Drivers/BSP/Components/lsm6dsl/lsm6dsl.o
                0x08002a76                LSM6DSL_AccLowPower
 *fill*         0x08002aba        0x2 
 .text.LSM6DSL_AccReadXYZ
                0x08002abc      0x12c ./Drivers/BSP/Components/lsm6dsl/lsm6dsl.o
                0x08002abc                LSM6DSL_AccReadXYZ
 .text.HAL_Init
                0x08002be8       0x30 ./Drivers/STM32L4xx_HAL_Driver/Src/stm32l4xx_hal.o
                0x08002be8                HAL_Init
 .text.HAL_InitTick
                0x08002c18       0x78 ./Drivers/STM32L4xx_HAL_Driver/Src/stm32l4xx_hal.o
                0x08002c18                HAL_InitTick
 .text.HAL_IncTick
                0x08002c90       0x28 ./Drivers/STM32L4xx_HAL_Driver/Src/stm32l4xx_hal.o
                0x08002c90                HAL_IncTick
 .text.HAL_GetTick
                0x08002cb8       0x18 ./Drivers/STM32L4xx_HAL_Driver/Src/stm32l4xx_hal.o
                0x08002cb8                HAL_GetTick
 .text.HAL_Delay
                0x08002cd0       0x48 ./Drivers/STM32L4xx_HAL_Driver/Src/stm32l4xx_hal.o
                0x08002cd0                HAL_Delay
 .text.__NVIC_SetPriorityGrouping
                0x08002d18       0x48 ./Drivers/STM32L4xx_HAL_Driver/Src/stm32l4xx_hal_cortex.o
 .text.__NVIC_GetPriorityGrouping
                0x08002d60       0x1c ./Drivers/STM32L4xx_HAL_Driver/Src/stm32l4xx_hal_cortex.o
 .text.__NVIC_EnableIRQ
                0x08002d7c       0x3c ./Drivers/STM32L4xx_HAL_Driver/Src/stm32l4xx_hal_cortex.o
 .text.__NVIC_SetPriority
                0x08002db8       0x54 ./Drivers/STM32L4xx_HAL_Driver/Src/stm32l4xx_hal_cortex.o
 .text.NVIC_EncodePriority
                0x08002e0c       0x66 ./Drivers/STM32L4xx_HAL_Driver/Src/stm32l4xx_hal_cortex.o
 *fill*         0x08002e72        0x2 
 .text.SysTick_Config
                0x08002e74       0x44 ./Drivers/STM32L4xx_HAL_Driver/Src/stm32l4xx_hal_cortex.o
 .text.HAL_NVIC_SetPriorityGrouping
                0x08002eb8       0x16 ./Drivers/STM32L4xx_HAL_Driver/Src/stm32l4xx_hal_cortex.o
                0x08002eb8                HAL_NVIC_SetPriorityGrouping
 .text.HAL_NVIC_SetPriority
                0x08002ece       0x38 ./Drivers/STM32L4xx_HAL_Driver/Src/stm32l4xx_hal_cortex.o
                0x08002ece                HAL_NVIC_SetPriority
 .text.HAL_NVIC_EnableIRQ
                0x08002f06       0x1c ./Drivers/STM32L4xx_HAL_Driver/Src/stm32l4xx_hal_cortex.o
                0x08002f06                HAL_NVIC_EnableIRQ
 .text.HAL_SYSTICK_Config
                0x08002f22       0x18 ./Drivers/STM32L4xx_HAL_Driver/Src/stm32l4xx_hal_cortex.o
                0x08002f22                HAL_SYSTICK_Config
 *fill*         0x08002f3a        0x2 
 .text.HAL_DFSDM_ChannelInit
                0x08002f3c      0x180 ./Drivers/STM32L4xx_HAL_Driver/Src/stm32l4xx_hal_dfsdm.o
                0x08002f3c                HAL_DFSDM_ChannelInit
 .text.DFSDM_GetChannelFromInstance
                0x080030bc       0x98 ./Drivers/STM32L4xx_HAL_Driver/Src/stm32l4xx_hal_dfsdm.o
 .text.HAL_EXTI_RegisterCallback
                0x08003154       0x34 ./Drivers/STM32L4xx_HAL_Driver/Src/stm32l4xx_hal_exti.o
                0x08003154                HAL_EXTI_RegisterCallback
 .text.HAL_EXTI_GetHandle
                0x08003188       0x28 ./Drivers/STM32L4xx_HAL_Driver/Src/stm32l4xx_hal_exti.o
                0x08003188                HAL_EXTI_GetHandle
 .text.HAL_EXTI_IRQHandler
                0x080031b0       0x60 ./Drivers/STM32L4xx_HAL_Driver/Src/stm32l4xx_hal_exti.o
                0x080031b0                HAL_EXTI_IRQHandler
 .text.HAL_GPIO_Init
                0x08003210      0x354 ./Drivers/STM32L4xx_HAL_Driver/Src/stm32l4xx_hal_gpio.o
                0x08003210                HAL_GPIO_Init
 .text.HAL_GPIO_DeInit
                0x08003564      0x1e8 ./Drivers/STM32L4xx_HAL_Driver/Src/stm32l4xx_hal_gpio.o
                0x08003564                HAL_GPIO_DeInit
 .text.HAL_GPIO_ReadPin
                0x0800374c       0x30 ./Drivers/STM32L4xx_HAL_Driver/Src/stm32l4xx_hal_gpio.o
                0x0800374c                HAL_GPIO_ReadPin
 .text.HAL_GPIO_WritePin
                0x0800377c       0x30 ./Drivers/STM32L4xx_HAL_Driver/Src/stm32l4xx_hal_gpio.o
                0x0800377c                HAL_GPIO_WritePin
 .text.HAL_GPIO_EXTI_IRQHandler
                0x080037ac       0x30 ./Drivers/STM32L4xx_HAL_Driver/Src/stm32l4xx_hal_gpio.o
                0x080037ac                HAL_GPIO_EXTI_IRQHandler
 .text.HAL_GPIO_EXTI_Callback
                0x080037dc       0x16 ./Drivers/STM32L4xx_HAL_Driver/Src/stm32l4xx_hal_gpio.o
                0x080037dc                HAL_GPIO_EXTI_Callback
 .text.HAL_I2C_Init
                0x080037f2      0x136 ./Drivers/STM32L4xx_HAL_Driver/Src/stm32l4xx_hal_i2c.o
                0x080037f2                HAL_I2C_Init
 .text.HAL_I2CEx_ConfigAnalogFilter
                0x08003928       0x96 ./Drivers/STM32L4xx_HAL_Driver/Src/stm32l4xx_hal_i2c_ex.o
                0x08003928                HAL_I2CEx_ConfigAnalogFilter
 .text.HAL_I2CEx_ConfigDigitalFilter
                0x080039be       0x98 ./Drivers/STM32L4xx_HAL_Driver/Src/stm32l4xx_hal_i2c_ex.o
                0x080039be                HAL_I2CEx_ConfigDigitalFilter
 .text.HAL_PCD_Init
                0x08003a56      0x21e ./Drivers/STM32L4xx_HAL_Driver/Src/stm32l4xx_hal_pcd.o
                0x08003a56                HAL_PCD_Init
 .text.HAL_PCDEx_ActivateLPM
                0x08003c74       0x48 ./Drivers/STM32L4xx_HAL_Driver/Src/stm32l4xx_hal_pcd_ex.o
                0x08003c74                HAL_PCDEx_ActivateLPM
 .text.HAL_PWR_EnableBkUpAccess
                0x08003cbc       0x20 ./Drivers/STM32L4xx_HAL_Driver/Src/stm32l4xx_hal_pwr.o
                0x08003cbc                HAL_PWR_EnableBkUpAccess
 .text.HAL_PWREx_GetVoltageRange
                0x08003cdc       0x1c ./Drivers/STM32L4xx_HAL_Driver/Src/stm32l4xx_hal_pwr_ex.o
                0x08003cdc                HAL_PWREx_GetVoltageRange
 .text.HAL_PWREx_ControlVoltageScaling
                0x08003cf8       0xac ./Drivers/STM32L4xx_HAL_Driver/Src/stm32l4xx_hal_pwr_ex.o
                0x08003cf8                HAL_PWREx_ControlVoltageScaling
 .text.HAL_PWREx_EnableVddUSB
                0x08003da4       0x20 ./Drivers/STM32L4xx_HAL_Driver/Src/stm32l4xx_hal_pwr_ex.o
                0x08003da4                HAL_PWREx_EnableVddUSB
 .text.HAL_QSPI_Init
                0x08003dc4       0xec ./Drivers/STM32L4xx_HAL_Driver/Src/stm32l4xx_hal_qspi.o
                0x08003dc4                HAL_QSPI_Init
 .text.HAL_QSPI_SetTimeout
                0x08003eb0       0x1c ./Drivers/STM32L4xx_HAL_Driver/Src/stm32l4xx_hal_qspi.o
                0x08003eb0                HAL_QSPI_SetTimeout
 .text.QSPI_WaitFlagStateUntilTimeout
                0x08003ecc       0x6e ./Drivers/STM32L4xx_HAL_Driver/Src/stm32l4xx_hal_qspi.o
 *fill*         0x08003f3a        0x2 
 .text.HAL_RCC_OscConfig
                0x08003f3c      0x7b8 ./Drivers/STM32L4xx_HAL_Driver/Src/stm32l4xx_hal_rcc.o
                0x08003f3c                HAL_RCC_OscConfig
 .text.HAL_RCC_ClockConfig
                0x080046f4      0x200 ./Drivers/STM32L4xx_HAL_Driver/Src/stm32l4xx_hal_rcc.o
                0x080046f4                HAL_RCC_ClockConfig
 .text.HAL_RCC_GetSysClockFreq
                0x080048f4      0x118 ./Drivers/STM32L4xx_HAL_Driver/Src/stm32l4xx_hal_rcc.o
                0x080048f4                HAL_RCC_GetSysClockFreq
 .text.HAL_RCC_GetHCLKFreq
                0x08004a0c       0x18 ./Drivers/STM32L4xx_HAL_Driver/Src/stm32l4xx_hal_rcc.o
                0x08004a0c                HAL_RCC_GetHCLKFreq
 .text.HAL_RCC_GetPCLK1Freq
                0x08004a24       0x2c ./Drivers/STM32L4xx_HAL_Driver/Src/stm32l4xx_hal_rcc.o
                0x08004a24                HAL_RCC_GetPCLK1Freq
 .text.HAL_RCC_GetPCLK2Freq
                0x08004a50       0x2c ./Drivers/STM32L4xx_HAL_Driver/Src/stm32l4xx_hal_rcc.o
                0x08004a50                HAL_RCC_GetPCLK2Freq
 .text.RCC_SetFlashLatencyFromMSIRange
                0x08004a7c       0xc0 ./Drivers/STM32L4xx_HAL_Driver/Src/stm32l4xx_hal_rcc.o
 .text.HAL_RCCEx_PeriphCLKConfig
                0x08004b3c      0x5d4 ./Drivers/STM32L4xx_HAL_Driver/Src/stm32l4xx_hal_rcc_ex.o
                0x08004b3c                HAL_RCCEx_PeriphCLKConfig
 .text.HAL_RCCEx_EnableMSIPLLMode
                0x08005110       0x20 ./Drivers/STM32L4xx_HAL_Driver/Src/stm32l4xx_hal_rcc_ex.o
                0x08005110                HAL_RCCEx_EnableMSIPLLMode
 .text.RCCEx_PLLSAI1_Config
                0x08005130      0x1e8 ./Drivers/STM32L4xx_HAL_Driver/Src/stm32l4xx_hal_rcc_ex.o
 .text.RCCEx_PLLSAI2_Config
                0x08005318      0x1bc ./Drivers/STM32L4xx_HAL_Driver/Src/stm32l4xx_hal_rcc_ex.o
 .text.HAL_SPI_Init
                0x080054d4      0x146 ./Drivers/STM32L4xx_HAL_Driver/Src/stm32l4xx_hal_spi.o
                0x080054d4                HAL_SPI_Init
 .text.HAL_SPI_MspInit
                0x0800561a       0x14 ./Drivers/STM32L4xx_HAL_Driver/Src/stm32l4xx_hal_spi.o
                0x0800561a                HAL_SPI_MspInit
 .text.HAL_SPI_TransmitReceive
                0x0800562e      0x43e ./Drivers/STM32L4xx_HAL_Driver/Src/stm32l4xx_hal_spi.o
                0x0800562e                HAL_SPI_TransmitReceive
 .text.HAL_SPI_GetState
                0x08005a6c       0x1c ./Drivers/STM32L4xx_HAL_Driver/Src/stm32l4xx_hal_spi.o
                0x08005a6c                HAL_SPI_GetState
 .text.SPI_WaitFlagStateUntilTimeout
                0x08005a88      0x110 ./Drivers/STM32L4xx_HAL_Driver/Src/stm32l4xx_hal_spi.o
 .text.SPI_WaitFifoStateUntilTimeout
                0x08005b98      0x12c ./Drivers/STM32L4xx_HAL_Driver/Src/stm32l4xx_hal_spi.o
 .text.SPI_EndRxTxTransaction
                0x08005cc4       0x8c ./Drivers/STM32L4xx_HAL_Driver/Src/stm32l4xx_hal_spi.o
 .text.HAL_UART_Init
                0x08005d50       0x9c ./Drivers/STM32L4xx_HAL_Driver/Src/stm32l4xx_hal_uart.o
                0x08005d50                HAL_UART_Init
 .text.HAL_UART_Transmit
                0x08005dec      0x112 ./Drivers/STM32L4xx_HAL_Driver/Src/stm32l4xx_hal_uart.o
                0x08005dec                HAL_UART_Transmit
 *fill*         0x08005efe        0x2 
 .text.UART_SetConfig
                0x08005f00      0x570 ./Drivers/STM32L4xx_HAL_Driver/Src/stm32l4xx_hal_uart.o
                0x08005f00                UART_SetConfig
 .text.UART_AdvFeatureConfig
                0x08006470      0x144 ./Drivers/STM32L4xx_HAL_Driver/Src/stm32l4xx_hal_uart.o
                0x08006470                UART_AdvFeatureConfig
 .text.UART_CheckIdleState
                0x080065b4      0x150 ./Drivers/STM32L4xx_HAL_Driver/Src/stm32l4xx_hal_uart.o
                0x080065b4                UART_CheckIdleState
 .text.UART_WaitOnFlagUntilTimeout
                0x08006704       0xda ./Drivers/STM32L4xx_HAL_Driver/Src/stm32l4xx_hal_uart.o
                0x08006704                UART_WaitOnFlagUntilTimeout
 .text.UART_EndRxTransfer
                0x080067de       0xc8 ./Drivers/STM32L4xx_HAL_Driver/Src/stm32l4xx_hal_uart.o
 .text.USB_CoreInit
                0x080068a6       0x5a ./Drivers/STM32L4xx_HAL_Driver/Src/stm32l4xx_ll_usb.o
                0x080068a6                USB_CoreInit
 .text.USB_DisableGlobalInt
                0x08006900       0x22 ./Drivers/STM32L4xx_HAL_Driver/Src/stm32l4xx_ll_usb.o
                0x08006900                USB_DisableGlobalInt
 .text.USB_SetCurrentMode
                0x08006922       0x98 ./Drivers/STM32L4xx_HAL_Driver/Src/stm32l4xx_ll_usb.o
                0x08006922                USB_SetCurrentMode
 *fill*         0x080069ba        0x2 
 .text.USB_DevInit
                0x080069bc      0x290 ./Drivers/STM32L4xx_HAL_Driver/Src/stm32l4xx_ll_usb.o
                0x080069bc                USB_DevInit
 .text.USB_FlushTxFifo
                0x08006c4c       0x64 ./Drivers/STM32L4xx_HAL_Driver/Src/stm32l4xx_ll_usb.o
                0x08006c4c                USB_FlushTxFifo
 .text.USB_FlushRxFifo
                0x08006cb0       0x5c ./Drivers/STM32L4xx_HAL_Driver/Src/stm32l4xx_ll_usb.o
                0x08006cb0                USB_FlushRxFifo
 .text.USB_SetDevSpeed
                0x08006d0c       0x32 ./Drivers/STM32L4xx_HAL_Driver/Src/stm32l4xx_ll_usb.o
                0x08006d0c                USB_SetDevSpeed
 .text.USB_DevDisconnect
                0x08006d3e       0x42 ./Drivers/STM32L4xx_HAL_Driver/Src/stm32l4xx_ll_usb.o
                0x08006d3e                USB_DevDisconnect
 .text.USB_GetMode
                0x08006d80       0x1c ./Drivers/STM32L4xx_HAL_Driver/Src/stm32l4xx_ll_usb.o
                0x08006d80                USB_GetMode
 .text.USB_CoreReset
                0x08006d9c       0x62 ./Drivers/STM32L4xx_HAL_Driver/Src/stm32l4xx_ll_usb.o
 .text.aci_gap_init_IDB05A1
                0x08006dfe       0xa0 ./Middlewares/ST/BlueNRG-MS/hci/controller/bluenrg_gap_aci.o
                0x08006dfe                aci_gap_init_IDB05A1
 .text.aci_gap_init_IDB04A1
                0x08006e9e       0x94 ./Middlewares/ST/BlueNRG-MS/hci/controller/bluenrg_gap_aci.o
                0x08006e9e                aci_gap_init_IDB04A1
 .text.aci_gap_set_auth_requirement
                0x08006f32       0xae ./Middlewares/ST/BlueNRG-MS/hci/controller/bluenrg_gap_aci.o
                0x08006f32                aci_gap_set_auth_requirement
 .text.aci_gatt_init
                0x08006fe0       0x46 ./Middlewares/ST/BlueNRG-MS/hci/controller/bluenrg_gatt_aci.o
                0x08006fe0                aci_gatt_init
 .text.aci_gatt_add_serv
                0x08007026      0x112 ./Middlewares/ST/BlueNRG-MS/hci/controller/bluenrg_gatt_aci.o
                0x08007026                aci_gatt_add_serv
 .text.aci_gatt_add_char
                0x08007138      0x196 ./Middlewares/ST/BlueNRG-MS/hci/controller/bluenrg_gatt_aci.o
                0x08007138                aci_gatt_add_char
 .text.aci_gatt_update_char_value
                0x080072ce      0x120 ./Middlewares/ST/BlueNRG-MS/hci/controller/bluenrg_gatt_aci.o
                0x080072ce                aci_gatt_update_char_value
 .text.aci_gatt_allow_read
                0x080073ee       0x5a ./Middlewares/ST/BlueNRG-MS/hci/controller/bluenrg_gatt_aci.o
                0x080073ee                aci_gatt_allow_read
 .text.aci_hal_read_config_data
                0x08007448       0xaa ./Middlewares/ST/BlueNRG-MS/hci/controller/bluenrg_hal_aci.o
                0x08007448                aci_hal_read_config_data
 .text.aci_hal_set_tx_power_level
                0x080074f2       0x62 ./Middlewares/ST/BlueNRG-MS/hci/controller/bluenrg_hal_aci.o
                0x080074f2                aci_hal_set_tx_power_level
 .text.getBlueNRGVersion
                0x08007554       0x88 ./Middlewares/ST/BlueNRG-MS/hci/controller/bluenrg_utils_small.o
                0x08007554                getBlueNRGVersion
 .text.hci_reset
                0x080075dc       0x44 ./Middlewares/ST/BlueNRG-MS/hci/hci_le.o
                0x080075dc                hci_reset
 .text.hci_le_read_local_version
                0x08007620       0x94 ./Middlewares/ST/BlueNRG-MS/hci/hci_le.o
                0x08007620                hci_le_read_local_version
 .text.verify_packet
                0x080076b4       0x40 ./Middlewares/ST/BlueNRG-MS/hci/hci_tl_patterns/Basic/hci_tl.o
 .text.send_cmd
                0x080076f4       0x80 ./Middlewares/ST/BlueNRG-MS/hci/hci_tl_patterns/Basic/hci_tl.o
 .text.move_list
                0x08007774       0x38 ./Middlewares/ST/BlueNRG-MS/hci/hci_tl_patterns/Basic/hci_tl.o
 .text.free_event_list
                0x080077ac       0x3c ./Middlewares/ST/BlueNRG-MS/hci/hci_tl_patterns/Basic/hci_tl.o
 .text.hci_init
                0x080077e8       0x84 ./Middlewares/ST/BlueNRG-MS/hci/hci_tl_patterns/Basic/hci_tl.o
                0x080077e8                hci_init
 .text.hci_register_io_bus
                0x0800786c       0x40 ./Middlewares/ST/BlueNRG-MS/hci/hci_tl_patterns/Basic/hci_tl.o
                0x0800786c                hci_register_io_bus
 .text.hci_send_req
                0x080078ac      0x230 ./Middlewares/ST/BlueNRG-MS/hci/hci_tl_patterns/Basic/hci_tl.o
                0x080078ac                hci_send_req
 .text.hci_notify_asynch_evt
                0x08007adc       0x9c ./Middlewares/ST/BlueNRG-MS/hci/hci_tl_patterns/Basic/hci_tl.o
                0x08007adc                hci_notify_asynch_evt
 .text.list_init_head
                0x08007b78       0x20 ./Middlewares/ST/BlueNRG-MS/utils/ble_list.o
                0x08007b78                list_init_head
 .text.list_is_empty
                0x08007b98       0x44 ./Middlewares/ST/BlueNRG-MS/utils/ble_list.o
                0x08007b98                list_is_empty
 .text.list_insert_head
                0x08007bdc       0x4c ./Middlewares/ST/BlueNRG-MS/utils/ble_list.o
                0x08007bdc                list_insert_head
 .text.list_insert_tail
                0x08007c28       0x4c ./Middlewares/ST/BlueNRG-MS/utils/ble_list.o
                0x08007c28                list_insert_tail
 .text.list_remove_node
                0x08007c74       0x42 ./Middlewares/ST/BlueNRG-MS/utils/ble_list.o
                0x08007c74                list_remove_node
 .text.list_remove_head
                0x08007cb6       0x4e ./Middlewares/ST/BlueNRG-MS/utils/ble_list.o
                0x08007cb6                list_remove_head
 .text.list_remove_tail
                0x08007d04       0x4e ./Middlewares/ST/BlueNRG-MS/utils/ble_list.o
                0x08007d04                list_remove_tail
 .text.list_get_size
                0x08007d52       0x50 ./Middlewares/ST/BlueNRG-MS/utils/ble_list.o
                0x08007d52                list_get_size
 *fill*         0x08007da2        0x2 
 .text.__NVIC_SetPriority
                0x08007da4       0x54 ./Middlewares/Third_Party/FreeRTOS/Source/CMSIS_RTOS_V2/cmsis_os2.o
 .text.SVC_Setup
                0x08007df8       0x12 ./Middlewares/Third_Party/FreeRTOS/Source/CMSIS_RTOS_V2/cmsis_os2.o
 *fill*         0x08007e0a        0x2 
 .text.osKernelInitialize
                0x08007e0c       0x48 ./Middlewares/Third_Party/FreeRTOS/Source/CMSIS_RTOS_V2/cmsis_os2.o
                0x08007e0c                osKernelInitialize
 .text.osKernelStart
                0x08007e54       0x4c ./Middlewares/Third_Party/FreeRTOS/Source/CMSIS_RTOS_V2/cmsis_os2.o
                0x08007e54                osKernelStart
 .text.osThreadNew
                0x08007ea0      0x124 ./Middlewares/Third_Party/FreeRTOS/Source/CMSIS_RTOS_V2/cmsis_os2.o
                0x08007ea0                osThreadNew
 .text.osMessageQueueNew
                0x08007fc4       0xe6 ./Middlewares/Third_Party/FreeRTOS/Source/CMSIS_RTOS_V2/cmsis_os2.o
                0x08007fc4                osMessageQueueNew
 *fill*         0x080080aa        0x2 
 .text.vApplicationGetIdleTaskMemory
                0x080080ac       0x34 ./Middlewares/Third_Party/FreeRTOS/Source/CMSIS_RTOS_V2/cmsis_os2.o
                0x080080ac                vApplicationGetIdleTaskMemory
 .text.vApplicationGetTimerTaskMemory
                0x080080e0       0x34 ./Middlewares/Third_Party/FreeRTOS/Source/CMSIS_RTOS_V2/cmsis_os2.o
                0x080080e0                vApplicationGetTimerTaskMemory
 .text.vListInitialise
                0x08008114       0x40 ./Middlewares/Third_Party/FreeRTOS/Source/list.o
                0x08008114                vListInitialise
 .text.vListInitialiseItem
                0x08008154       0x1a ./Middlewares/Third_Party/FreeRTOS/Source/list.o
                0x08008154                vListInitialiseItem
 .text.vListInsertEnd
                0x0800816e       0x48 ./Middlewares/Third_Party/FreeRTOS/Source/list.o
                0x0800816e                vListInsertEnd
 .text.vListInsert
                0x080081b6       0x72 ./Middlewares/Third_Party/FreeRTOS/Source/list.o
                0x080081b6                vListInsert
 .text.uxListRemove
                0x08008228       0x54 ./Middlewares/Third_Party/FreeRTOS/Source/list.o
                0x08008228                uxListRemove
 .text.xQueueGenericReset
                0x0800827c       0xd4 ./Middlewares/Third_Party/FreeRTOS/Source/queue.o
                0x0800827c                xQueueGenericReset
 .text.xQueueGenericCreateStatic
                0x08008350       0xfa ./Middlewares/Third_Party/FreeRTOS/Source/queue.o
                0x08008350                xQueueGenericCreateStatic
 .text.xQueueGenericCreate
                0x0800844a       0x76 ./Middlewares/Third_Party/FreeRTOS/Source/queue.o
                0x0800844a                xQueueGenericCreate
 .text.prvInitialiseNewQueue
                0x080084c0       0x46 ./Middlewares/Third_Party/FreeRTOS/Source/queue.o
 *fill*         0x08008506        0x2 
 .text.xQueueGenericSend
                0x08008508      0x204 ./Middlewares/Third_Party/FreeRTOS/Source/queue.o
                0x08008508                xQueueGenericSend
 .text.xQueueGenericSendFromISR
                0x0800870c      0x13c ./Middlewares/Third_Party/FreeRTOS/Source/queue.o
                0x0800870c                xQueueGenericSendFromISR
 .text.xQueueReceive
                0x08008848      0x1c4 ./Middlewares/Third_Party/FreeRTOS/Source/queue.o
                0x08008848                xQueueReceive
 .text.prvCopyDataToQueue
                0x08008a0c       0xd4 ./Middlewares/Third_Party/FreeRTOS/Source/queue.o
 .text.prvCopyDataFromQueue
                0x08008ae0       0x4c ./Middlewares/Third_Party/FreeRTOS/Source/queue.o
 .text.prvUnlockQueue
                0x08008b2c       0xa4 ./Middlewares/Third_Party/FreeRTOS/Source/queue.o
 .text.prvIsQueueEmpty
                0x08008bd0       0x2c ./Middlewares/Third_Party/FreeRTOS/Source/queue.o
 .text.prvIsQueueFull
                0x08008bfc       0x30 ./Middlewares/Third_Party/FreeRTOS/Source/queue.o
 .text.vQueueAddToRegistry
                0x08008c2c       0x54 ./Middlewares/Third_Party/FreeRTOS/Source/queue.o
                0x08008c2c                vQueueAddToRegistry
 .text.vQueueWaitForMessageRestricted
                0x08008c80       0x68 ./Middlewares/Third_Party/FreeRTOS/Source/queue.o
                0x08008c80                vQueueWaitForMessageRestricted
 .text.xTaskCreateStatic
                0x08008ce8       0xc0 ./Middlewares/Third_Party/FreeRTOS/Source/tasks.o
                0x08008ce8                xTaskCreateStatic
 .text.xTaskCreate
                0x08008da8       0x8a ./Middlewares/Third_Party/FreeRTOS/Source/tasks.o
                0x08008da8                xTaskCreate
 .text.prvInitialiseNewTask
                0x08008e32      0x120 ./Middlewares/Third_Party/FreeRTOS/Source/tasks.o
 *fill*         0x08008f52        0x2 
 .text.prvAddNewTaskToReadyList
                0x08008f54       0xe0 ./Middlewares/Third_Party/FreeRTOS/Source/tasks.o
 .text.vTaskStartScheduler
                0x08009034       0xd0 ./Middlewares/Third_Party/FreeRTOS/Source/tasks.o
                0x08009034                vTaskStartScheduler
 .text.vTaskSuspendAll
                0x08009104       0x1c ./Middlewares/Third_Party/FreeRTOS/Source/tasks.o
                0x08009104                vTaskSuspendAll
 .text.xTaskResumeAll
                0x08009120      0x13c ./Middlewares/Third_Party/FreeRTOS/Source/tasks.o
                0x08009120                xTaskResumeAll
 .text.xTaskGetTickCount
                0x0800925c       0x20 ./Middlewares/Third_Party/FreeRTOS/Source/tasks.o
                0x0800925c                xTaskGetTickCount
 .text.xTaskIncrementTick
                0x0800927c      0x174 ./Middlewares/Third_Party/FreeRTOS/Source/tasks.o
                0x0800927c                xTaskIncrementTick
 .text.vTaskSwitchContext
                0x080093f0       0xbc ./Middlewares/Third_Party/FreeRTOS/Source/tasks.o
                0x080093f0                vTaskSwitchContext
 .text.vTaskPlaceOnEventList
                0x080094ac       0x4c ./Middlewares/Third_Party/FreeRTOS/Source/tasks.o
                0x080094ac                vTaskPlaceOnEventList
 .text.vTaskPlaceOnEventListRestricted
                0x080094f8       0x58 ./Middlewares/Third_Party/FreeRTOS/Source/tasks.o
                0x080094f8                vTaskPlaceOnEventListRestricted
 .text.xTaskRemoveFromEventList
                0x08009550       0xc8 ./Middlewares/Third_Party/FreeRTOS/Source/tasks.o
                0x08009550                xTaskRemoveFromEventList
 .text.vTaskInternalSetTimeOutState
                0x08009618       0x2c ./Middlewares/Third_Party/FreeRTOS/Source/tasks.o
                0x08009618                vTaskInternalSetTimeOutState
 .text.xTaskCheckForTimeOut
                0x08009644       0xc8 ./Middlewares/Third_Party/FreeRTOS/Source/tasks.o
                0x08009644                xTaskCheckForTimeOut
 .text.vTaskMissedYield
                0x0800970c       0x18 ./Middlewares/Third_Party/FreeRTOS/Source/tasks.o
                0x0800970c                vTaskMissedYield
 .text.prvIdleTask
                0x08009724       0x30 ./Middlewares/Third_Party/FreeRTOS/Source/tasks.o
 .text.prvInitialiseTaskLists
                0x08009754       0x80 ./Middlewares/Third_Party/FreeRTOS/Source/tasks.o
 .text.prvCheckTasksWaitingTermination
                0x080097d4       0x5c ./Middlewares/Third_Party/FreeRTOS/Source/tasks.o
 .text.prvDeleteTCB
                0x08009830       0x60 ./Middlewares/Third_Party/FreeRTOS/Source/tasks.o
 .text.prvResetNextTaskUnblockTime
                0x08009890       0x40 ./Middlewares/Third_Party/FreeRTOS/Source/tasks.o
 .text.xTaskGetSchedulerState
                0x080098d0       0x3c ./Middlewares/Third_Party/FreeRTOS/Source/tasks.o
                0x080098d0                xTaskGetSchedulerState
 .text.xTaskPriorityDisinherit
                0x0800990c       0xe0 ./Middlewares/Third_Party/FreeRTOS/Source/tasks.o
                0x0800990c                xTaskPriorityDisinherit
 .text.prvAddCurrentTaskToDelayedList
                0x080099ec       0xa8 ./Middlewares/Third_Party/FreeRTOS/Source/tasks.o
 .text.xTimerCreateTimerTask
                0x08009a94       0x94 ./Middlewares/Third_Party/FreeRTOS/Source/timers.o
                0x08009a94                xTimerCreateTimerTask
 .text.xTimerGenericCommand
                0x08009b28       0x9c ./Middlewares/Third_Party/FreeRTOS/Source/timers.o
                0x08009b28                xTimerGenericCommand
 .text.prvProcessExpiredTimer
                0x08009bc4       0x9c ./Middlewares/Third_Party/FreeRTOS/Source/timers.o
 .text.prvTimerTask
                0x08009c60       0x26 ./Middlewares/Third_Party/FreeRTOS/Source/timers.o
 *fill*         0x08009c86        0x2 
 .text.prvProcessTimerOrBlockTask
                0x08009c88       0x9c ./Middlewares/Third_Party/FreeRTOS/Source/timers.o
 .text.prvGetNextExpireTime
                0x08009d24       0x48 ./Middlewares/Third_Party/FreeRTOS/Source/timers.o
 .text.prvSampleTimeNow
                0x08009d6c       0x40 ./Middlewares/Third_Party/FreeRTOS/Source/timers.o
 .text.prvInsertTimerInActiveList
                0x08009dac       0x84 ./Middlewares/Third_Party/FreeRTOS/Source/timers.o
 .text.prvProcessReceivedCommands
                0x08009e30      0x1cc ./Middlewares/Third_Party/FreeRTOS/Source/timers.o
 .text.prvSwitchTimerLists
                0x08009ffc       0xcc ./Middlewares/Third_Party/FreeRTOS/Source/timers.o
 .text.prvCheckForValidListAndQueue
                0x0800a0c8       0x80 ./Middlewares/Third_Party/FreeRTOS/Source/timers.o
 .text.pxPortInitialiseStack
                0x0800a148       0x68 ./Middlewares/Third_Party/FreeRTOS/Source/portable/GCC/ARM_CM4F/port.o
                0x0800a148                pxPortInitialiseStack
 .text.prvTaskExitError
                0x0800a1b0       0x5c ./Middlewares/Third_Party/FreeRTOS/Source/portable/GCC/ARM_CM4F/port.o
 *fill*         0x0800a20c        0x4 
 .text.SVC_Handler
                0x0800a210       0x28 ./Middlewares/Third_Party/FreeRTOS/Source/portable/GCC/ARM_CM4F/port.o
                0x0800a210                SVC_Handler
 .text.prvPortStartFirstTask
                0x0800a238       0x28 ./Middlewares/Third_Party/FreeRTOS/Source/portable/GCC/ARM_CM4F/port.o
 .text.xPortStartScheduler
                0x0800a260      0x148 ./Middlewares/Third_Party/FreeRTOS/Source/portable/GCC/ARM_CM4F/port.o
                0x0800a260                xPortStartScheduler
 .text.vPortEnterCritical
                0x0800a3a8       0x64 ./Middlewares/Third_Party/FreeRTOS/Source/portable/GCC/ARM_CM4F/port.o
                0x0800a3a8                vPortEnterCritical
 .text.vPortExitCritical
                0x0800a40c       0x54 ./Middlewares/Third_Party/FreeRTOS/Source/portable/GCC/ARM_CM4F/port.o
                0x0800a40c                vPortExitCritical
 .text.PendSV_Handler
                0x0800a460       0x68 ./Middlewares/Third_Party/FreeRTOS/Source/portable/GCC/ARM_CM4F/port.o
                0x0800a460                PendSV_Handler
 .text.xPortSysTickHandler
                0x0800a4c8       0x44 ./Middlewares/Third_Party/FreeRTOS/Source/portable/GCC/ARM_CM4F/port.o
                0x0800a4c8                xPortSysTickHandler
 .text.vPortSetupTimerInterrupt
                0x0800a50c       0x48 ./Middlewares/Third_Party/FreeRTOS/Source/portable/GCC/ARM_CM4F/port.o
                0x0800a50c                vPortSetupTimerInterrupt
 .text.vPortEnableVFP
                0x0800a554       0x14 ./Middlewares/Third_Party/FreeRTOS/Source/portable/GCC/ARM_CM4F/port.o
 .text.vPortValidateInterruptPriority
                0x0800a568       0x84 ./Middlewares/Third_Party/FreeRTOS/Source/portable/GCC/ARM_CM4F/port.o
                0x0800a568                vPortValidateInterruptPriority
 .text.pvPortMalloc
                0x0800a5ec      0x19c ./Middlewares/Third_Party/FreeRTOS/Source/portable/MemMang/heap_4.o
                0x0800a5ec                pvPortMalloc
 .text.vPortFree
                0x0800a788       0xc8 ./Middlewares/Third_Party/FreeRTOS/Source/portable/MemMang/heap_4.o
                0x0800a788                vPortFree
 .text.prvHeapInit
                0x0800a850       0xc4 ./Middlewares/Third_Party/FreeRTOS/Source/portable/MemMang/heap_4.o
 .text.prvInsertBlockIntoFreeList
                0x0800a914       0xb4 ./Middlewares/Third_Party/FreeRTOS/Source/portable/MemMang/heap_4.o
 .text.rand     0x0800a9c8       0x7c C:/ST/STM32CubeIDE_1.16.1/STM32CubeIDE/plugins/com.st.stm32cube.ide.mcu.externaltools.gnu-tools-for-stm32.12.3.rel1.win32_1.0.200.202406191623/tools/bin/../lib/gcc/arm-none-eabi/12.3.1/../../../../arm-none-eabi/lib/thumb/v7e-m+fp/hard\libc_nano.a(libc_a-rand.o)
                0x0800a9c8                rand
 .text.std      0x0800aa44       0x6c C:/ST/STM32CubeIDE_1.16.1/STM32CubeIDE/plugins/com.st.stm32cube.ide.mcu.externaltools.gnu-tools-for-stm32.12.3.rel1.win32_1.0.200.202406191623/tools/bin/../lib/gcc/arm-none-eabi/12.3.1/../../../../arm-none-eabi/lib/thumb/v7e-m+fp/hard\libc_nano.a(libc_a-findfp.o)
 .text.stdio_exit_handler
                0x0800aab0       0x18 C:/ST/STM32CubeIDE_1.16.1/STM32CubeIDE/plugins/com.st.stm32cube.ide.mcu.externaltools.gnu-tools-for-stm32.12.3.rel1.win32_1.0.200.202406191623/tools/bin/../lib/gcc/arm-none-eabi/12.3.1/../../../../arm-none-eabi/lib/thumb/v7e-m+fp/hard\libc_nano.a(libc_a-findfp.o)
 .text.cleanup_stdio
                0x0800aac8       0x40 C:/ST/STM32CubeIDE_1.16.1/STM32CubeIDE/plugins/com.st.stm32cube.ide.mcu.externaltools.gnu-tools-for-stm32.12.3.rel1.win32_1.0.200.202406191623/tools/bin/../lib/gcc/arm-none-eabi/12.3.1/../../../../arm-none-eabi/lib/thumb/v7e-m+fp/hard\libc_nano.a(libc_a-findfp.o)
 .text.global_stdio_init.part.0
                0x0800ab08       0x3c C:/ST/STM32CubeIDE_1.16.1/STM32CubeIDE/plugins/com.st.stm32cube.ide.mcu.externaltools.gnu-tools-for-stm32.12.3.rel1.win32_1.0.200.202406191623/tools/bin/../lib/gcc/arm-none-eabi/12.3.1/../../../../arm-none-eabi/lib/thumb/v7e-m+fp/hard\libc_nano.a(libc_a-findfp.o)
 .text.__sfp_lock_acquire
                0x0800ab44        0xc C:/ST/STM32CubeIDE_1.16.1/STM32CubeIDE/plugins/com.st.stm32cube.ide.mcu.externaltools.gnu-tools-for-stm32.12.3.rel1.win32_1.0.200.202406191623/tools/bin/../lib/gcc/arm-none-eabi/12.3.1/../../../../arm-none-eabi/lib/thumb/v7e-m+fp/hard\libc_nano.a(libc_a-findfp.o)
                0x0800ab44                __sfp_lock_acquire
 .text.__sfp_lock_release
                0x0800ab50        0xc C:/ST/STM32CubeIDE_1.16.1/STM32CubeIDE/plugins/com.st.stm32cube.ide.mcu.externaltools.gnu-tools-for-stm32.12.3.rel1.win32_1.0.200.202406191623/tools/bin/../lib/gcc/arm-none-eabi/12.3.1/../../../../arm-none-eabi/lib/thumb/v7e-m+fp/hard\libc_nano.a(libc_a-findfp.o)
                0x0800ab50                __sfp_lock_release
 .text.__sinit  0x0800ab5c       0x30 C:/ST/STM32CubeIDE_1.16.1/STM32CubeIDE/plugins/com.st.stm32cube.ide.mcu.externaltools.gnu-tools-for-stm32.12.3.rel1.win32_1.0.200.202406191623/tools/bin/../lib/gcc/arm-none-eabi/12.3.1/../../../../arm-none-eabi/lib/thumb/v7e-m+fp/hard\libc_nano.a(libc_a-findfp.o)
                0x0800ab5c                __sinit
 .text._fwalk_sglue
                0x0800ab8c       0x3c C:/ST/STM32CubeIDE_1.16.1/STM32CubeIDE/plugins/com.st.stm32cube.ide.mcu.externaltools.gnu-tools-for-stm32.12.3.rel1.win32_1.0.200.202406191623/tools/bin/../lib/gcc/arm-none-eabi/12.3.1/../../../../arm-none-eabi/lib/thumb/v7e-m+fp/hard\libc_nano.a(libc_a-fwalk.o)
                0x0800ab8c                _fwalk_sglue
 .text.__sread  0x0800abc8       0x22 C:/ST/STM32CubeIDE_1.16.1/STM32CubeIDE/plugins/com.st.stm32cube.ide.mcu.externaltools.gnu-tools-for-stm32.12.3.rel1.win32_1.0.200.202406191623/tools/bin/../lib/gcc/arm-none-eabi/12.3.1/../../../../arm-none-eabi/lib/thumb/v7e-m+fp/hard\libc_nano.a(libc_a-stdio.o)
                0x0800abc8                __sread
 .text.__swrite
                0x0800abea       0x38 C:/ST/STM32CubeIDE_1.16.1/STM32CubeIDE/plugins/com.st.stm32cube.ide.mcu.externaltools.gnu-tools-for-stm32.12.3.rel1.win32_1.0.200.202406191623/tools/bin/../lib/gcc/arm-none-eabi/12.3.1/../../../../arm-none-eabi/lib/thumb/v7e-m+fp/hard\libc_nano.a(libc_a-stdio.o)
                0x0800abea                __swrite
 .text.__sseek  0x0800ac22       0x24 C:/ST/STM32CubeIDE_1.16.1/STM32CubeIDE/plugins/com.st.stm32cube.ide.mcu.externaltools.gnu-tools-for-stm32.12.3.rel1.win32_1.0.200.202406191623/tools/bin/../lib/gcc/arm-none-eabi/12.3.1/../../../../arm-none-eabi/lib/thumb/v7e-m+fp/hard\libc_nano.a(libc_a-stdio.o)
                0x0800ac22                __sseek
 .text.__sclose
                0x0800ac46        0x8 C:/ST/STM32CubeIDE_1.16.1/STM32CubeIDE/plugins/com.st.stm32cube.ide.mcu.externaltools.gnu-tools-for-stm32.12.3.rel1.win32_1.0.200.202406191623/tools/bin/../lib/gcc/arm-none-eabi/12.3.1/../../../../arm-none-eabi/lib/thumb/v7e-m+fp/hard\libc_nano.a(libc_a-stdio.o)
                0x0800ac46                __sclose
 .text.memset   0x0800ac4e       0x10 C:/ST/STM32CubeIDE_1.16.1/STM32CubeIDE/plugins/com.st.stm32cube.ide.mcu.externaltools.gnu-tools-for-stm32.12.3.rel1.win32_1.0.200.202406191623/tools/bin/../lib/gcc/arm-none-eabi/12.3.1/../../../../arm-none-eabi/lib/thumb/v7e-m+fp/hard\libc_nano.a(libc_a-memset.o)
                0x0800ac4e                memset
 *fill*         0x0800ac5e        0x2 
 .text._close_r
                0x0800ac60       0x20 C:/ST/STM32CubeIDE_1.16.1/STM32CubeIDE/plugins/com.st.stm32cube.ide.mcu.externaltools.gnu-tools-for-stm32.12.3.rel1.win32_1.0.200.202406191623/tools/bin/../lib/gcc/arm-none-eabi/12.3.1/../../../../arm-none-eabi/lib/thumb/v7e-m+fp/hard\libc_nano.a(libc_a-closer.o)
                0x0800ac60                _close_r
 .text._lseek_r
                0x0800ac80       0x24 C:/ST/STM32CubeIDE_1.16.1/STM32CubeIDE/plugins/com.st.stm32cube.ide.mcu.externaltools.gnu-tools-for-stm32.12.3.rel1.win32_1.0.200.202406191623/tools/bin/../lib/gcc/arm-none-eabi/12.3.1/../../../../arm-none-eabi/lib/thumb/v7e-m+fp/hard\libc_nano.a(libc_a-lseekr.o)
                0x0800ac80                _lseek_r
 .text._read_r  0x0800aca4       0x24 C:/ST/STM32CubeIDE_1.16.1/STM32CubeIDE/plugins/com.st.stm32cube.ide.mcu.externaltools.gnu-tools-for-stm32.12.3.rel1.win32_1.0.200.202406191623/tools/bin/../lib/gcc/arm-none-eabi/12.3.1/../../../../arm-none-eabi/lib/thumb/v7e-m+fp/hard\libc_nano.a(libc_a-readr.o)
                0x0800aca4                _read_r
 .text._write_r
                0x0800acc8       0x24 C:/ST/STM32CubeIDE_1.16.1/STM32CubeIDE/plugins/com.st.stm32cube.ide.mcu.externaltools.gnu-tools-for-stm32.12.3.rel1.win32_1.0.200.202406191623/tools/bin/../lib/gcc/arm-none-eabi/12.3.1/../../../../arm-none-eabi/lib/thumb/v7e-m+fp/hard\libc_nano.a(libc_a-writer.o)
                0x0800acc8                _write_r
 .text.__errno  0x0800acec        0xc C:/ST/STM32CubeIDE_1.16.1/STM32CubeIDE/plugins/com.st.stm32cube.ide.mcu.externaltools.gnu-tools-for-stm32.12.3.rel1.win32_1.0.200.202406191623/tools/bin/../lib/gcc/arm-none-eabi/12.3.1/../../../../arm-none-eabi/lib/thumb/v7e-m+fp/hard\libc_nano.a(libc_a-errno.o)
                0x0800acec                __errno
 .text.__libc_init_array
                0x0800acf8       0x48 C:/ST/STM32CubeIDE_1.16.1/STM32CubeIDE/plugins/com.st.stm32cube.ide.mcu.externaltools.gnu-tools-for-stm32.12.3.rel1.win32_1.0.200.202406191623/tools/bin/../lib/gcc/arm-none-eabi/12.3.1/../../../../arm-none-eabi/lib/thumb/v7e-m+fp/hard\libc_nano.a(libc_a-init.o)
                0x0800acf8                __libc_init_array
 .text.__retarget_lock_init_recursive
                0x0800ad40        0x2 C:/ST/STM32CubeIDE_1.16.1/STM32CubeIDE/plugins/com.st.stm32cube.ide.mcu.externaltools.gnu-tools-for-stm32.12.3.rel1.win32_1.0.200.202406191623/tools/bin/../lib/gcc/arm-none-eabi/12.3.1/../../../../arm-none-eabi/lib/thumb/v7e-m+fp/hard\libc_nano.a(libc_a-lock.o)
                0x0800ad40                __retarget_lock_init_recursive
 .text.__retarget_lock_acquire_recursive
                0x0800ad42        0x2 C:/ST/STM32CubeIDE_1.16.1/STM32CubeIDE/plugins/com.st.stm32cube.ide.mcu.externaltools.gnu-tools-for-stm32.12.3.rel1.win32_1.0.200.202406191623/tools/bin/../lib/gcc/arm-none-eabi/12.3.1/../../../../arm-none-eabi/lib/thumb/v7e-m+fp/hard\libc_nano.a(libc_a-lock.o)
                0x0800ad42                __retarget_lock_acquire_recursive
 .text.__retarget_lock_release_recursive
                0x0800ad44        0x2 C:/ST/STM32CubeIDE_1.16.1/STM32CubeIDE/plugins/com.st.stm32cube.ide.mcu.externaltools.gnu-tools-for-stm32.12.3.rel1.win32_1.0.200.202406191623/tools/bin/../lib/gcc/arm-none-eabi/12.3.1/../../../../arm-none-eabi/lib/thumb/v7e-m+fp/hard\libc_nano.a(libc_a-lock.o)
                0x0800ad44                __retarget_lock_release_recursive
 .text.memcpy   0x0800ad46       0x1c C:/ST/STM32CubeIDE_1.16.1/STM32CubeIDE/plugins/com.st.stm32cube.ide.mcu.externaltools.gnu-tools-for-stm32.12.3.rel1.win32_1.0.200.202406191623/tools/bin/../lib/gcc/arm-none-eabi/12.3.1/../../../../arm-none-eabi/lib/thumb/v7e-m+fp/hard\libc_nano.a(libc_a-memcpy-stub.o)
                0x0800ad46                memcpy
 *fill*         0x0800ad62        0x2 
 .text.__assert_func
                0x0800ad64       0x3c C:/ST/STM32CubeIDE_1.16.1/STM32CubeIDE/plugins/com.st.stm32cube.ide.mcu.externaltools.gnu-tools-for-stm32.12.3.rel1.win32_1.0.200.202406191623/tools/bin/../lib/gcc/arm-none-eabi/12.3.1/../../../../arm-none-eabi/lib/thumb/v7e-m+fp/hard\libc_nano.a(libc_a-assert.o)
                0x0800ad64                __assert_func
 .text._free_r  0x0800ada0       0x94 C:/ST/STM32CubeIDE_1.16.1/STM32CubeIDE/plugins/com.st.stm32cube.ide.mcu.externaltools.gnu-tools-for-stm32.12.3.rel1.win32_1.0.200.202406191623/tools/bin/../lib/gcc/arm-none-eabi/12.3.1/../../../../arm-none-eabi/lib/thumb/v7e-m+fp/hard\libc_nano.a(libc_a-freer.o)
                0x0800ada0                _free_r
 .text.malloc   0x0800ae34       0x10 C:/ST/STM32CubeIDE_1.16.1/STM32CubeIDE/plugins/com.st.stm32cube.ide.mcu.externaltools.gnu-tools-for-stm32.12.3.rel1.win32_1.0.200.202406191623/tools/bin/../lib/gcc/arm-none-eabi/12.3.1/../../../../arm-none-eabi/lib/thumb/v7e-m+fp/hard\libc_nano.a(libc_a-malloc.o)
                0x0800ae34                malloc
 .text.sbrk_aligned
                0x0800ae44       0x44 C:/ST/STM32CubeIDE_1.16.1/STM32CubeIDE/plugins/com.st.stm32cube.ide.mcu.externaltools.gnu-tools-for-stm32.12.3.rel1.win32_1.0.200.202406191623/tools/bin/../lib/gcc/arm-none-eabi/12.3.1/../../../../arm-none-eabi/lib/thumb/v7e-m+fp/hard\libc_nano.a(libc_a-mallocr.o)
 .text._malloc_r
                0x0800ae88      0x100 C:/ST/STM32CubeIDE_1.16.1/STM32CubeIDE/plugins/com.st.stm32cube.ide.mcu.externaltools.gnu-tools-for-stm32.12.3.rel1.win32_1.0.200.202406191623/tools/bin/../lib/gcc/arm-none-eabi/12.3.1/../../../../arm-none-eabi/lib/thumb/v7e-m+fp/hard\libc_nano.a(libc_a-mallocr.o)
                0x0800ae88                _malloc_r
 .text.__malloc_lock
                0x0800af88        0xc C:/ST/STM32CubeIDE_1.16.1/STM32CubeIDE/plugins/com.st.stm32cube.ide.mcu.externaltools.gnu-tools-for-stm32.12.3.rel1.win32_1.0.200.202406191623/tools/bin/../lib/gcc/arm-none-eabi/12.3.1/../../../../arm-none-eabi/lib/thumb/v7e-m+fp/hard\libc_nano.a(libc_a-mlock.o)
                0x0800af88                __malloc_lock
 .text.__malloc_unlock
                0x0800af94        0xc C:/ST/STM32CubeIDE_1.16.1/STM32CubeIDE/plugins/com.st.stm32cube.ide.mcu.externaltools.gnu-tools-for-stm32.12.3.rel1.win32_1.0.200.202406191623/tools/bin/../lib/gcc/arm-none-eabi/12.3.1/../../../../arm-none-eabi/lib/thumb/v7e-m+fp/hard\libc_nano.a(libc_a-mlock.o)
                0x0800af94                __malloc_unlock
 .text.__sflush_r
                0x0800afa0      0x108 C:/ST/STM32CubeIDE_1.16.1/STM32CubeIDE/plugins/com.st.stm32cube.ide.mcu.externaltools.gnu-tools-for-stm32.12.3.rel1.win32_1.0.200.202406191623/tools/bin/../lib/gcc/arm-none-eabi/12.3.1/../../../../arm-none-eabi/lib/thumb/v7e-m+fp/hard\libc_nano.a(libc_a-fflush.o)
                0x0800afa0                __sflush_r
 .text._fflush_r
                0x0800b0a8       0x50 C:/ST/STM32CubeIDE_1.16.1/STM32CubeIDE/plugins/com.st.stm32cube.ide.mcu.externaltools.gnu-tools-for-stm32.12.3.rel1.win32_1.0.200.202406191623/tools/bin/../lib/gcc/arm-none-eabi/12.3.1/../../../../arm-none-eabi/lib/thumb/v7e-m+fp/hard\libc_nano.a(libc_a-fflush.o)
                0x0800b0a8                _fflush_r
 .text.fprintf  0x0800b0f8       0x24 C:/ST/STM32CubeIDE_1.16.1/STM32CubeIDE/plugins/com.st.stm32cube.ide.mcu.externaltools.gnu-tools-for-stm32.12.3.rel1.win32_1.0.200.202406191623/tools/bin/../lib/gcc/arm-none-eabi/12.3.1/../../../../arm-none-eabi/lib/thumb/v7e-m+fp/hard\libc_nano.a(libc_a-fprintf.o)
                0x0800b0f8                fiprintf
                0x0800b0f8                fprintf
 .text._sbrk_r  0x0800b11c       0x20 C:/ST/STM32CubeIDE_1.16.1/STM32CubeIDE/plugins/com.st.stm32cube.ide.mcu.externaltools.gnu-tools-for-stm32.12.3.rel1.win32_1.0.200.202406191623/tools/bin/../lib/gcc/arm-none-eabi/12.3.1/../../../../arm-none-eabi/lib/thumb/v7e-m+fp/hard\libc_nano.a(libc_a-sbrkr.o)
                0x0800b11c                _sbrk_r
 .text.abort    0x0800b13c        0xe C:/ST/STM32CubeIDE_1.16.1/STM32CubeIDE/plugins/com.st.stm32cube.ide.mcu.externaltools.gnu-tools-for-stm32.12.3.rel1.win32_1.0.200.202406191623/tools/bin/../lib/gcc/arm-none-eabi/12.3.1/../../../../arm-none-eabi/lib/thumb/v7e-m+fp/hard\libc_nano.a(libc_a-abort.o)
                0x0800b13c                abort
 .text.__sfputc_r
                0x0800b14a       0x2e C:/ST/STM32CubeIDE_1.16.1/STM32CubeIDE/plugins/com.st.stm32cube.ide.mcu.externaltools.gnu-tools-for-stm32.12.3.rel1.win32_1.0.200.202406191623/tools/bin/../lib/gcc/arm-none-eabi/12.3.1/../../../../arm-none-eabi/lib/thumb/v7e-m+fp/hard\libc_nano.a(libc_a-nano-vfprintf.o)
 .text.__sfputs_r
                0x0800b178       0x24 C:/ST/STM32CubeIDE_1.16.1/STM32CubeIDE/plugins/com.st.stm32cube.ide.mcu.externaltools.gnu-tools-for-stm32.12.3.rel1.win32_1.0.200.202406191623/tools/bin/../lib/gcc/arm-none-eabi/12.3.1/../../../../arm-none-eabi/lib/thumb/v7e-m+fp/hard\libc_nano.a(libc_a-nano-vfprintf.o)
                0x0800b178                __sfputs_r
 .text._vfprintf_r
                0x0800b19c      0x230 C:/ST/STM32CubeIDE_1.16.1/STM32CubeIDE/plugins/com.st.stm32cube.ide.mcu.externaltools.gnu-tools-for-stm32.12.3.rel1.win32_1.0.200.202406191623/tools/bin/../lib/gcc/arm-none-eabi/12.3.1/../../../../arm-none-eabi/lib/thumb/v7e-m+fp/hard\libc_nano.a(libc_a-nano-vfprintf.o)
                0x0800b19c                _vfprintf_r
                0x0800b19c                _vfiprintf_r
 .text._printf_common
                0x0800b3cc       0xda C:/ST/STM32CubeIDE_1.16.1/STM32CubeIDE/plugins/com.st.stm32cube.ide.mcu.externaltools.gnu-tools-for-stm32.12.3.rel1.win32_1.0.200.202406191623/tools/bin/../lib/gcc/arm-none-eabi/12.3.1/../../../../arm-none-eabi/lib/thumb/v7e-m+fp/hard\libc_nano.a(libc_a-nano-vfprintf_i.o)
                0x0800b3cc                _printf_common
 *fill*         0x0800b4a6        0x2 
 .text._printf_i
                0x0800b4a8      0x240 C:/ST/STM32CubeIDE_1.16.1/STM32CubeIDE/plugins/com.st.stm32cube.ide.mcu.externaltools.gnu-tools-for-stm32.12.3.rel1.win32_1.0.200.202406191623/tools/bin/../lib/gcc/arm-none-eabi/12.3.1/../../../../arm-none-eabi/lib/thumb/v7e-m+fp/hard\libc_nano.a(libc_a-nano-vfprintf_i.o)
                0x0800b4a8                _printf_i
 .text.__swbuf_r
                0x0800b6e8       0x7c C:/ST/STM32CubeIDE_1.16.1/STM32CubeIDE/plugins/com.st.stm32cube.ide.mcu.externaltools.gnu-tools-for-stm32.12.3.rel1.win32_1.0.200.202406191623/tools/bin/../lib/gcc/arm-none-eabi/12.3.1/../../../../arm-none-eabi/lib/thumb/v7e-m+fp/hard\libc_nano.a(libc_a-wbuf.o)
                0x0800b6e8                __swbuf_r
 .text.__swsetup_r
                0x0800b764       0xac C:/ST/STM32CubeIDE_1.16.1/STM32CubeIDE/plugins/com.st.stm32cube.ide.mcu.externaltools.gnu-tools-for-stm32.12.3.rel1.win32_1.0.200.202406191623/tools/bin/../lib/gcc/arm-none-eabi/12.3.1/../../../../arm-none-eabi/lib/thumb/v7e-m+fp/hard\libc_nano.a(libc_a-wsetup.o)
                0x0800b764                __swsetup_r
 .text._raise_r
                0x0800b810       0x50 C:/ST/STM32CubeIDE_1.16.1/STM32CubeIDE/plugins/com.st.stm32cube.ide.mcu.externaltools.gnu-tools-for-stm32.12.3.rel1.win32_1.0.200.202406191623/tools/bin/../lib/gcc/arm-none-eabi/12.3.1/../../../../arm-none-eabi/lib/thumb/v7e-m+fp/hard\libc_nano.a(libc_a-signal.o)
                0x0800b810                _raise_r
 .text.raise    0x0800b860       0x10 C:/ST/STM32CubeIDE_1.16.1/STM32CubeIDE/plugins/com.st.stm32cube.ide.mcu.externaltools.gnu-tools-for-stm32.12.3.rel1.win32_1.0.200.202406191623/tools/bin/../lib/gcc/arm-none-eabi/12.3.1/../../../../arm-none-eabi/lib/thumb/v7e-m+fp/hard\libc_nano.a(libc_a-signal.o)
                0x0800b860                raise
 .text._kill_r  0x0800b870       0x24 C:/ST/STM32CubeIDE_1.16.1/STM32CubeIDE/plugins/com.st.stm32cube.ide.mcu.externaltools.gnu-tools-for-stm32.12.3.rel1.win32_1.0.200.202406191623/tools/bin/../lib/gcc/arm-none-eabi/12.3.1/../../../../arm-none-eabi/lib/thumb/v7e-m+fp/hard\libc_nano.a(libc_a-signalr.o)
                0x0800b870                _kill_r
 .text._getpid_r
                0x0800b894        0x4 C:/ST/STM32CubeIDE_1.16.1/STM32CubeIDE/plugins/com.st.stm32cube.ide.mcu.externaltools.gnu-tools-for-stm32.12.3.rel1.win32_1.0.200.202406191623/tools/bin/../lib/gcc/arm-none-eabi/12.3.1/../../../../arm-none-eabi/lib/thumb/v7e-m+fp/hard\libc_nano.a(libc_a-signalr.o)
                0x0800b894                _getpid_r
 .text.__swhatbuf_r
                0x0800b898       0x4c C:/ST/STM32CubeIDE_1.16.1/STM32CubeIDE/plugins/com.st.stm32cube.ide.mcu.externaltools.gnu-tools-for-stm32.12.3.rel1.win32_1.0.200.202406191623/tools/bin/../lib/gcc/arm-none-eabi/12.3.1/../../../../arm-none-eabi/lib/thumb/v7e-m+fp/hard\libc_nano.a(libc_a-makebuf.o)
                0x0800b898                __swhatbuf_r
 .text.__smakebuf_r
                0x0800b8e4       0x78 C:/ST/STM32CubeIDE_1.16.1/STM32CubeIDE/plugins/com.st.stm32cube.ide.mcu.externaltools.gnu-tools-for-stm32.12.3.rel1.win32_1.0.200.202406191623/tools/bin/../lib/gcc/arm-none-eabi/12.3.1/../../../../arm-none-eabi/lib/thumb/v7e-m+fp/hard\libc_nano.a(libc_a-makebuf.o)
                0x0800b8e4                __smakebuf_r
 .text._fstat_r
                0x0800b95c       0x24 C:/ST/STM32CubeIDE_1.16.1/STM32CubeIDE/plugins/com.st.stm32cube.ide.mcu.externaltools.gnu-tools-for-stm32.12.3.rel1.win32_1.0.200.202406191623/tools/bin/../lib/gcc/arm-none-eabi/12.3.1/../../../../arm-none-eabi/lib/thumb/v7e-m+fp/hard\libc_nano.a(libc_a-fstatr.o)
                0x0800b95c                _fstat_r
 .text._isatty_r
                0x0800b980       0x20 C:/ST/STM32CubeIDE_1.16.1/STM32CubeIDE/plugins/com.st.stm32cube.ide.mcu.externaltools.gnu-tools-for-stm32.12.3.rel1.win32_1.0.200.202406191623/tools/bin/../lib/gcc/arm-none-eabi/12.3.1/../../../../arm-none-eabi/lib/thumb/v7e-m+fp/hard\libc_nano.a(libc_a-isattyr.o)
                0x0800b980                _isatty_r
 *(.glue_7)
 .glue_7        0x0800b9a0        0x0 linker stubs
 *(.glue_7t)
 .glue_7t       0x0800b9a0        0x0 linker stubs
 *(.eh_frame)
 .eh_frame      0x0800b9a0        0x0 C:/ST/STM32CubeIDE_1.16.1/STM32CubeIDE/plugins/com.st.stm32cube.ide.mcu.externaltools.gnu-tools-for-stm32.12.3.rel1.win32_1.0.200.202406191623/tools/bin/../lib/gcc/arm-none-eabi/12.3.1/thumb/v7e-m+fp/hard/crtbegin.o
 *(.init)
 .init          0x0800b9a0        0x4 C:/ST/STM32CubeIDE_1.16.1/STM32CubeIDE/plugins/com.st.stm32cube.ide.mcu.externaltools.gnu-tools-for-stm32.12.3.rel1.win32_1.0.200.202406191623/tools/bin/../lib/gcc/arm-none-eabi/12.3.1/thumb/v7e-m+fp/hard/crti.o
                0x0800b9a0                _init
 .init          0x0800b9a4        0x8 C:/ST/STM32CubeIDE_1.16.1/STM32CubeIDE/plugins/com.st.stm32cube.ide.mcu.externaltools.gnu-tools-for-stm32.12.3.rel1.win32_1.0.200.202406191623/tools/bin/../lib/gcc/arm-none-eabi/12.3.1/thumb/v7e-m+fp/hard/crtn.o
 *(.fini)
 .fini          0x0800b9ac        0x4 C:/ST/STM32CubeIDE_1.16.1/STM32CubeIDE/plugins/com.st.stm32cube.ide.mcu.externaltools.gnu-tools-for-stm32.12.3.rel1.win32_1.0.200.202406191623/tools/bin/../lib/gcc/arm-none-eabi/12.3.1/thumb/v7e-m+fp/hard/crti.o
                0x0800b9ac                _fini
 .fini          0x0800b9b0        0x8 C:/ST/STM32CubeIDE_1.16.1/STM32CubeIDE/plugins/com.st.stm32cube.ide.mcu.externaltools.gnu-tools-for-stm32.12.3.rel1.win32_1.0.200.202406191623/tools/bin/../lib/gcc/arm-none-eabi/12.3.1/thumb/v7e-m+fp/hard/crtn.o
                0x0800b9b8                        . = ALIGN (0x4)
                0x0800b9b8                        _etext = .

.vfp11_veneer   0x0800b9b8        0x0
 .vfp11_veneer  0x0800b9b8        0x0 linker stubs

.v4_bx          0x0800b9b8        0x0
 .v4_bx         0x0800b9b8        0x0 linker stubs

.iplt           0x0800b9b8        0x0
 .iplt          0x0800b9b8        0x0 C:/ST/STM32CubeIDE_1.16.1/STM32CubeIDE/plugins/com.st.stm32cube.ide.mcu.externaltools.gnu-tools-for-stm32.12.3.rel1.win32_1.0.200.202406191623/tools/bin/../lib/gcc/arm-none-eabi/12.3.1/thumb/v7e-m+fp/hard/crtbegin.o

.rodata         0x0800b9b8      0x1f0
                0x0800b9b8                        . = ALIGN (0x4)
 *(.rodata)
 .rodata        0x0800b9b8        0x8 ./BlueNRG_MS/App/app_bluenrg_ms.o
 .rodata        0x0800b9c0        0xd ./BlueNRG_MS/Target/hci_tl_interface.o
 *fill*         0x0800b9cd        0x3 
 .rodata        0x0800b9d0       0x22 ./Core/Src/main.o
 *fill*         0x0800b9f2        0x2 
 .rodata        0x0800b9f4        0x5 ./Middlewares/Third_Party/FreeRTOS/Source/tasks.o
 *fill*         0x0800b9f9        0x3 
 .rodata        0x0800b9fc        0xd ./Middlewares/Third_Party/FreeRTOS/Source/timers.o
 *(.rodata*)
 *fill*         0x0800ba09        0x3 
 .rodata.TASK_BLE_attributes
                0x0800ba0c       0x24 ./Core/Src/main.o
                0x0800ba0c                TASK_BLE_attributes
 .rodata.TASK_ACC_attributes
                0x0800ba30       0x24 ./Core/Src/main.o
                0x0800ba30                TASK_ACC_attributes
 .rodata.freqQueue_attributes
                0x0800ba54       0x18 ./Core/Src/main.o
                0x0800ba54                freqQueue_attributes
 .rodata.AHBPrescTable
                0x0800ba6c       0x10 ./Core/Src/system_stm32l4xx.o
                0x0800ba6c                AHBPrescTable
 .rodata.APBPrescTable
                0x0800ba7c        0x8 ./Core/Src/system_stm32l4xx.o
                0x0800ba7c                APBPrescTable
 .rodata.MSIRangeTable
                0x0800ba84       0x30 ./Core/Src/system_stm32l4xx.o
                0x0800ba84                MSIRangeTable
 .rodata.LedGpioInit.4
                0x0800bab4        0x4 ./Drivers/BSP/B-L475E-IOT01A1/b_l475e_iot01a1.o
 .rodata.ButtonGpioInit.3
                0x0800bab8        0x4 ./Drivers/BSP/B-L475E-IOT01A1/b_l475e_iot01a1.o
 .rodata.BUTTON_EXTI_LINE.2
                0x0800babc        0x4 ./Drivers/BSP/B-L475E-IOT01A1/b_l475e_iot01a1.o
 .rodata.ButtonCallback.1
                0x0800bac0        0x4 ./Drivers/BSP/B-L475E-IOT01A1/b_l475e_iot01a1.o
 .rodata.BSP_BUTTON_PRIO.0
                0x0800bac4        0x4 ./Drivers/BSP/B-L475E-IOT01A1/b_l475e_iot01a1.o
 .rodata.srand.str1.1
                0x0800bac8       0x6f C:/ST/STM32CubeIDE_1.16.1/STM32CubeIDE/plugins/com.st.stm32cube.ide.mcu.externaltools.gnu-tools-for-stm32.12.3.rel1.win32_1.0.200.202406191623/tools/bin/../lib/gcc/arm-none-eabi/12.3.1/../../../../arm-none-eabi/lib/thumb/v7e-m+fp/hard\libc_nano.a(libc_a-rand.o)
 .rodata.__assert_func.str1.1
                0x0800bb37       0x3c C:/ST/STM32CubeIDE_1.16.1/STM32CubeIDE/plugins/com.st.stm32cube.ide.mcu.externaltools.gnu-tools-for-stm32.12.3.rel1.win32_1.0.200.202406191623/tools/bin/../lib/gcc/arm-none-eabi/12.3.1/../../../../arm-none-eabi/lib/thumb/v7e-m+fp/hard\libc_nano.a(libc_a-assert.o)
                                 0x3d (size before relaxing)
 .rodata._vfprintf_r.str1.1
                0x0800bb73       0x11 C:/ST/STM32CubeIDE_1.16.1/STM32CubeIDE/plugins/com.st.stm32cube.ide.mcu.externaltools.gnu-tools-for-stm32.12.3.rel1.win32_1.0.200.202406191623/tools/bin/../lib/gcc/arm-none-eabi/12.3.1/../../../../arm-none-eabi/lib/thumb/v7e-m+fp/hard\libc_nano.a(libc_a-nano-vfprintf.o)
 .rodata._printf_i.str1.1
                0x0800bb84       0x22 C:/ST/STM32CubeIDE_1.16.1/STM32CubeIDE/plugins/com.st.stm32cube.ide.mcu.externaltools.gnu-tools-for-stm32.12.3.rel1.win32_1.0.200.202406191623/tools/bin/../lib/gcc/arm-none-eabi/12.3.1/../../../../arm-none-eabi/lib/thumb/v7e-m+fp/hard\libc_nano.a(libc_a-nano-vfprintf_i.o)
                0x0800bba8                        . = ALIGN (0x4)
 *fill*         0x0800bba6        0x2 

.ARM.extab      0x0800bba8        0x0
                0x0800bba8                        . = ALIGN (0x4)
 *(.ARM.extab* .gnu.linkonce.armextab.*)
                0x0800bba8                        . = ALIGN (0x4)

.ARM            0x0800bba8        0x8
                0x0800bba8                        . = ALIGN (0x4)
                0x0800bba8                        __exidx_start = .
 *(.ARM.exidx*)
 .ARM.exidx     0x0800bba8        0x8 C:/ST/STM32CubeIDE_1.16.1/STM32CubeIDE/plugins/com.st.stm32cube.ide.mcu.externaltools.gnu-tools-for-stm32.12.3.rel1.win32_1.0.200.202406191623/tools/bin/../lib/gcc/arm-none-eabi/12.3.1/../../../../arm-none-eabi/lib/thumb/v7e-m+fp/hard\libc_nano.a(libc_a-strlen.o)
 .ARM.exidx     0x0800bbb0        0x0 C:/ST/STM32CubeIDE_1.16.1/STM32CubeIDE/plugins/com.st.stm32cube.ide.mcu.externaltools.gnu-tools-for-stm32.12.3.rel1.win32_1.0.200.202406191623/tools/bin/../lib/gcc/arm-none-eabi/12.3.1/../../../../arm-none-eabi/lib/thumb/v7e-m+fp/hard\libc_nano.a(libc_a-memchr.o)
                                  0x8 (size before relaxing)
 .ARM.exidx     0x0800bbb0        0x0 C:/ST/STM32CubeIDE_1.16.1/STM32CubeIDE/plugins/com.st.stm32cube.ide.mcu.externaltools.gnu-tools-for-stm32.12.3.rel1.win32_1.0.200.202406191623/tools/bin/../lib/gcc/arm-none-eabi/12.3.1/thumb/v7e-m+fp/hard\libgcc.a(_udivmoddi4.o)
                                  0x8 (size before relaxing)
                0x0800bbb0                        __exidx_end = .
                0x0800bbb0                        . = ALIGN (0x4)

.preinit_array  0x0800bbb0        0x0
                0x0800bbb0                        . = ALIGN (0x4)
                0x0800bbb0                        PROVIDE (__preinit_array_start = .)
 *(.preinit_array*)
                0x0800bbb0                        PROVIDE (__preinit_array_end = .)
                0x0800bbb0                        . = ALIGN (0x4)

.init_array     0x0800bbb0        0x4
                0x0800bbb0                        . = ALIGN (0x4)
                0x0800bbb0                        PROVIDE (__init_array_start = .)
 *(SORT_BY_NAME(.init_array.*))
 *(.init_array*)
 .init_array    0x0800bbb0        0x4 C:/ST/STM32CubeIDE_1.16.1/STM32CubeIDE/plugins/com.st.stm32cube.ide.mcu.externaltools.gnu-tools-for-stm32.12.3.rel1.win32_1.0.200.202406191623/tools/bin/../lib/gcc/arm-none-eabi/12.3.1/thumb/v7e-m+fp/hard/crtbegin.o
                0x0800bbb4                        PROVIDE (__init_array_end = .)
                0x0800bbb4                        . = ALIGN (0x4)

.fini_array     0x0800bbb4        0x4
                0x0800bbb4                        . = ALIGN (0x4)
                [!provide]                        PROVIDE (__fini_array_start = .)
 *(SORT_BY_NAME(.fini_array.*))
 *(.fini_array*)
 .fini_array    0x0800bbb4        0x4 C:/ST/STM32CubeIDE_1.16.1/STM32CubeIDE/plugins/com.st.stm32cube.ide.mcu.externaltools.gnu-tools-for-stm32.12.3.rel1.win32_1.0.200.202406191623/tools/bin/../lib/gcc/arm-none-eabi/12.3.1/thumb/v7e-m+fp/hard/crtbegin.o
                [!provide]                        PROVIDE (__fini_array_end = .)
                0x0800bbb8                        . = ALIGN (0x4)
                0x0800bbb8                        _sidata = LOADADDR (.data)

.rel.dyn        0x0800bbb8        0x0
 .rel.iplt      0x0800bbb8        0x0 C:/ST/STM32CubeIDE_1.16.1/STM32CubeIDE/plugins/com.st.stm32cube.ide.mcu.externaltools.gnu-tools-for-stm32.12.3.rel1.win32_1.0.200.202406191623/tools/bin/../lib/gcc/arm-none-eabi/12.3.1/thumb/v7e-m+fp/hard/crtbegin.o

.data           0x20000000       0xb4 load address 0x0800bbb8
                0x20000000                        . = ALIGN (0x4)
                0x20000000                        _sdata = .
 *(.data)
 *(.data*)
 .data.user_button_init_state
                0x20000000        0x1 ./BlueNRG_MS/App/app_bluenrg_ms.o
 .data.set_connectable
                0x20000001        0x1 ./BlueNRG_MS/App/sensor.o
                0x20000001                set_connectable
 *fill*         0x20000002        0x2 
 .data.SystemCoreClock
                0x20000004        0x4 ./Core/Src/system_stm32l4xx.o
                0x20000004                SystemCoreClock
 .data.BUTTON_PORT
                0x20000008        0x4 ./Drivers/BSP/B-L475E-IOT01A1/b_l475e_iot01a1.o
 .data.hpb_exti
                0x2000000c        0x8 ./Drivers/BSP/B-L475E-IOT01A1/b_l475e_iot01a1.o
                0x2000000c                hpb_exti
 .data.COM_USART
                0x20000014        0x4 ./Drivers/BSP/B-L475E-IOT01A1/b_l475e_iot01a1.o
                0x20000014                COM_USART
 .data.Lsm6dslAccDrv
                0x20000018       0x34 ./Drivers/BSP/Components/lsm6dsl/lsm6dsl.o
                0x20000018                Lsm6dslAccDrv
 .data.uwTickPrio
                0x2000004c        0x4 ./Drivers/STM32L4xx_HAL_Driver/Src/stm32l4xx_hal.o
                0x2000004c                uwTickPrio
 .data.uwTickFreq
                0x20000050        0x1 ./Drivers/STM32L4xx_HAL_Driver/Src/stm32l4xx_hal.o
                0x20000050                uwTickFreq
 *fill*         0x20000051        0x3 
 .data.uxCriticalNesting
                0x20000054        0x4 ./Middlewares/Third_Party/FreeRTOS/Source/portable/GCC/ARM_CM4F/port.o
 .data.__sglue  0x20000058        0xc C:/ST/STM32CubeIDE_1.16.1/STM32CubeIDE/plugins/com.st.stm32cube.ide.mcu.externaltools.gnu-tools-for-stm32.12.3.rel1.win32_1.0.200.202406191623/tools/bin/../lib/gcc/arm-none-eabi/12.3.1/../../../../arm-none-eabi/lib/thumb/v7e-m+fp/hard\libc_nano.a(libc_a-findfp.o)
                0x20000058                __sglue
 .data._impure_ptr
                0x20000064        0x4 C:/ST/STM32CubeIDE_1.16.1/STM32CubeIDE/plugins/com.st.stm32cube.ide.mcu.externaltools.gnu-tools-for-stm32.12.3.rel1.win32_1.0.200.202406191623/tools/bin/../lib/gcc/arm-none-eabi/12.3.1/../../../../arm-none-eabi/lib/thumb/v7e-m+fp/hard\libc_nano.a(libc_a-impure.o)
                0x20000064                _impure_ptr
 .data._impure_data
                0x20000068       0x4c C:/ST/STM32CubeIDE_1.16.1/STM32CubeIDE/plugins/com.st.stm32cube.ide.mcu.externaltools.gnu-tools-for-stm32.12.3.rel1.win32_1.0.200.202406191623/tools/bin/../lib/gcc/arm-none-eabi/12.3.1/../../../../arm-none-eabi/lib/thumb/v7e-m+fp/hard\libc_nano.a(libc_a-impure.o)
                0x20000068                _impure_data
 *(.RamFunc)
 *(.RamFunc*)
                0x200000b4                        . = ALIGN (0x4)
                0x200000b4                        _edata = .

.igot.plt       0x200000b4        0x0 load address 0x0800bc6c
 .igot.plt      0x200000b4        0x0 C:/ST/STM32CubeIDE_1.16.1/STM32CubeIDE/plugins/com.st.stm32cube.ide.mcu.externaltools.gnu-tools-for-stm32.12.3.rel1.win32_1.0.200.202406191623/tools/bin/../lib/gcc/arm-none-eabi/12.3.1/thumb/v7e-m+fp/hard/crtbegin.o
                0x200000b4                        . = ALIGN (0x4)

.bss            0x200000b4     0x2638 load address 0x0800bc6c
                0x200000b4                        _sbss = .
                0x200000b4                        __bss_start__ = _sbss
 *(.bss)
 .bss           0x200000b4       0x1c C:/ST/STM32CubeIDE_1.16.1/STM32CubeIDE/plugins/com.st.stm32cube.ide.mcu.externaltools.gnu-tools-for-stm32.12.3.rel1.win32_1.0.200.202406191623/tools/bin/../lib/gcc/arm-none-eabi/12.3.1/thumb/v7e-m+fp/hard/crtbegin.o
 *(.bss*)
 .bss.bnrg_expansion_board
                0x200000d0        0x1 ./BlueNRG_MS/App/app_bluenrg_ms.o
                0x200000d0                bnrg_expansion_board
 *fill*         0x200000d1        0x3 
 .bss.bdaddr    0x200000d4        0x6 ./BlueNRG_MS/App/app_bluenrg_ms.o
                0x200000d4                bdaddr
 .bss.user_button_pressed
                0x200000da        0x1 ./BlueNRG_MS/App/app_bluenrg_ms.o
 *fill*         0x200000db        0x1 
 .bss.HWServW2STHandle
                0x200000dc        0x2 ./BlueNRG_MS/App/gatt_db.o
                0x200000dc                HWServW2STHandle
 .bss.EnvironmentalCharHandle
                0x200000de        0x2 ./BlueNRG_MS/App/gatt_db.o
                0x200000de                EnvironmentalCharHandle
 .bss.AccGyroMagCharHandle
                0x200000e0        0x2 ./BlueNRG_MS/App/gatt_db.o
                0x200000e0                AccGyroMagCharHandle
 .bss.AccCharHandle
                0x200000e2        0x2 ./BlueNRG_MS/App/gatt_db.o
                0x200000e2                AccCharHandle
 .bss.SWServW2STHandle
                0x200000e4        0x2 ./BlueNRG_MS/App/gatt_db.o
                0x200000e4                SWServW2STHandle
 .bss.QuaternionsCharHandle
                0x200000e6        0x2 ./BlueNRG_MS/App/gatt_db.o
                0x200000e6                QuaternionsCharHandle
 .bss.service_uuid
                0x200000e8       0x10 ./BlueNRG_MS/App/gatt_db.o
                0x200000e8                service_uuid
 .bss.char_uuid
                0x200000f8       0x10 ./BlueNRG_MS/App/gatt_db.o
                0x200000f8                char_uuid
 .bss.connection_handle
                0x20000108        0x2 ./BlueNRG_MS/App/sensor.o
                0x20000108                connection_handle
 .bss.notification_enabled
                0x2000010a        0x1 ./BlueNRG_MS/App/sensor.o
                0x2000010a                notification_enabled
 *fill*         0x2000010b        0x1 
 .bss.connected
                0x2000010c        0x4 ./BlueNRG_MS/App/sensor.o
                0x2000010c                connected
 .bss.x_axes    0x20000110        0xc ./BlueNRG_MS/App/sensor.o
                0x20000110                x_axes
 .bss.g_axes    0x2000011c        0xc ./BlueNRG_MS/App/sensor.o
                0x2000011c                g_axes
 .bss.m_axes    0x20000128        0xc ./BlueNRG_MS/App/sensor.o
                0x20000128                m_axes
 .bss.hexti6    0x20000134        0x8 ./BlueNRG_MS/Target/hci_tl_interface.o
                0x20000134                hexti6
 .bss.read_char_buf.0
                0x2000013c       0xff ./BlueNRG_MS/Target/hci_tl_interface.o
 *fill*         0x2000023b        0x1 
 .bss.hdfsdm1_channel1
                0x2000023c       0x38 ./Core/Src/main.o
                0x2000023c                hdfsdm1_channel1
 .bss.hi2c2     0x20000274       0x54 ./Core/Src/main.o
                0x20000274                hi2c2
 .bss.hqspi     0x200002c8       0x44 ./Core/Src/main.o
                0x200002c8                hqspi
 .bss.huart3    0x2000030c       0x88 ./Core/Src/main.o
                0x2000030c                huart3
 .bss.hpcd_USB_OTG_FS
                0x20000394      0x4e4 ./Core/Src/main.o
                0x20000394                hpcd_USB_OTG_FS
 .bss.TASK_BLEHandle
                0x20000878        0x4 ./Core/Src/main.o
                0x20000878                TASK_BLEHandle
 .bss.TASK_ACCHandle
                0x2000087c        0x4 ./Core/Src/main.o
                0x2000087c                TASK_ACCHandle
 .bss.freqQueueHandle
                0x20000880        0x4 ./Core/Src/main.o
                0x20000880                freqQueueHandle
 .bss.DFSDM1_Init
                0x20000884        0x4 ./Core/Src/stm32l4xx_hal_msp.o
 .bss.__sbrk_heap_end
                0x20000888        0x4 ./Core/Src/sysmem.o
 .bss.hcom_uart
                0x2000088c       0x88 ./Drivers/BSP/B-L475E-IOT01A1/b_l475e_iot01a1.o
                0x2000088c                hcom_uart
 .bss.COM_ActiveLogPort
                0x20000914        0x1 ./Drivers/BSP/B-L475E-IOT01A1/b_l475e_iot01a1.o
 *fill*         0x20000915        0x3 
 .bss.hspi3     0x20000918       0x64 ./Drivers/BSP/B-L475E-IOT01A1/b_l475e_iot01a1_bus.o
                0x20000918                hspi3
 .bss.SPI3InitCounter
                0x2000097c        0x4 ./Drivers/BSP/B-L475E-IOT01A1/b_l475e_iot01a1_bus.o
 .bss.AccelerometerDrv
                0x20000980        0x4 ./Drivers/BSP/B-L475E-IOT01A1/stm32l475e_iot01_accelero.o
 .bss.uwTick    0x20000984        0x4 ./Drivers/STM32L4xx_HAL_Driver/Src/stm32l4xx_hal.o
                0x20000984                uwTick
 .bss.v_dfsdm1ChannelCounter
                0x20000988        0x4 ./Drivers/STM32L4xx_HAL_Driver/Src/stm32l4xx_hal_dfsdm.o
 .bss.a_dfsdm1ChannelHandle
                0x2000098c       0x20 ./Drivers/STM32L4xx_HAL_Driver/Src/stm32l4xx_hal_dfsdm.o
 .bss.hciReadPktPool
                0x200009ac        0x8 ./Middlewares/ST/BlueNRG-MS/hci/hci_tl_patterns/Basic/hci_tl.o
                0x200009ac                hciReadPktPool
 .bss.hciReadPktRxQueue
                0x200009b4        0x8 ./Middlewares/ST/BlueNRG-MS/hci/hci_tl_patterns/Basic/hci_tl.o
                0x200009b4                hciReadPktRxQueue
 .bss.hciReadPacketBuffer